Component: ARM Compiler 5.06 update 6 (build 750) Tool: armlink [4d35ed]

==============================================================================

Section Cross References

    startup_stm32f103xb.o(STACK) refers (Special) to heapauxi.o(.text) for __use_two_region_memory
    startup_stm32f103xb.o(HEAP) refers (Special) to heapauxi.o(.text) for __use_two_region_memory
    startup_stm32f103xb.o(RESET) refers (Special) to heapauxi.o(.text) for __use_two_region_memory
    startup_stm32f103xb.o(RESET) refers to startup_stm32f103xb.o(STACK) for __initial_sp
    startup_stm32f103xb.o(RESET) refers to startup_stm32f103xb.o(.text) for Reset_Handler
    startup_stm32f103xb.o(RESET) refers to stm32f1xx_it.o(i.NMI_Handler) for NMI_Handler
    startup_stm32f103xb.o(RESET) refers to stm32f1xx_it.o(i.HardFault_Handler) for HardFault_Handler
    startup_stm32f103xb.o(RESET) refers to stm32f1xx_it.o(i.MemManage_Handler) for MemManage_Handler
    startup_stm32f103xb.o(RESET) refers to stm32f1xx_it.o(i.BusFault_Handler) for BusFault_Handler
    startup_stm32f103xb.o(RESET) refers to stm32f1xx_it.o(i.UsageFault_Handler) for UsageFault_Handler
    startup_stm32f103xb.o(RESET) refers to stm32f1xx_it.o(i.SVC_Handler) for SVC_Handler
    startup_stm32f103xb.o(RESET) refers to stm32f1xx_it.o(i.DebugMon_Handler) for DebugMon_Handler
    startup_stm32f103xb.o(RESET) refers to stm32f1xx_it.o(i.PendSV_Handler) for PendSV_Handler
    startup_stm32f103xb.o(RESET) refers to stm32f1xx_it.o(i.SysTick_Handler) for SysTick_Handler
    startup_stm32f103xb.o(RESET) refers to stm32f1xx_it.o(i.EXTI3_IRQHandler) for EXTI3_IRQHandler
    startup_stm32f103xb.o(RESET) refers to stm32f1xx_it.o(i.EXTI4_IRQHandler) for EXTI4_IRQHandler
    startup_stm32f103xb.o(RESET) refers to stm32f1xx_it.o(i.USB_LP_CAN1_RX0_IRQHandler) for USB_LP_CAN1_RX0_IRQHandler
    startup_stm32f103xb.o(RESET) refers to stm32f1xx_it.o(i.CAN1_RX1_IRQHandler) for CAN1_RX1_IRQHandler
    startup_stm32f103xb.o(RESET) refers to stm32f1xx_it.o(i.USART1_IRQHandler) for USART1_IRQHandler
    startup_stm32f103xb.o(.text) refers (Special) to heapauxi.o(.text) for __use_two_region_memory
    startup_stm32f103xb.o(.text) refers to system_stm32f1xx.o(i.SystemInit) for SystemInit
    startup_stm32f103xb.o(.text) refers to __main.o(!!!main) for __main
    startup_stm32f103xb.o(.text) refers to startup_stm32f103xb.o(HEAP) for Heap_Mem
    startup_stm32f103xb.o(.text) refers to startup_stm32f103xb.o(STACK) for Stack_Mem
    main.o(i.HAL_CAN_RxFifo0MsgPendingCallback) refers to stm32f1xx_hal_can.o(i.HAL_CAN_GetRxMessage) for HAL_CAN_GetRxMessage
    main.o(i.HAL_CAN_RxFifo0MsgPendingCallback) refers to canbus.o(i.CAN_Encoder_TxStart_Init) for CAN_Encoder_TxStart_Init
    main.o(i.HAL_CAN_RxFifo0MsgPendingCallback) refers to stm32f1xx_hal_tim.o(i.HAL_TIM_Encoder_Start) for HAL_TIM_Encoder_Start
    main.o(i.HAL_CAN_RxFifo0MsgPendingCallback) refers to main.o(.data) for encoder_start_flag
    main.o(i.HAL_CAN_RxFifo0MsgPendingCallback) refers to main.o(.bss) for Encoder_RxHeader
    main.o(i.HAL_CAN_RxFifo1MsgPendingCallback) refers to stm32f1xx_hal_can.o(i.HAL_CAN_GetRxMessage) for HAL_CAN_GetRxMessage
    main.o(i.HAL_CAN_RxFifo1MsgPendingCallback) refers to canbus.o(i.CAN_IMU_TxStart_Init) for CAN_IMU_TxStart_Init
    main.o(i.HAL_CAN_RxFifo1MsgPendingCallback) refers to stm32f1xx_hal_uart.o(i.HAL_UART_Receive_IT) for HAL_UART_Receive_IT
    main.o(i.HAL_CAN_RxFifo1MsgPendingCallback) refers to main.o(.data) for IMU_start_flag
    main.o(i.HAL_CAN_RxFifo1MsgPendingCallback) refers to main.o(.bss) for IMU_RxHeader
    main.o(i.HAL_GPIO_EXTI_Callback) refers to encoderposition.o(i.Encoder_Offset_Detect) for Encoder_Offset_Detect
    main.o(i.HAL_GPIO_EXTI_Callback) refers to main.o(.data) for encoder_start_flag
    main.o(i.HAL_GPIO_EXTI_Callback) refers to main.o(.bss) for encoderx
    main.o(i.HAL_UART_RxCpltCallback) refers to wit.o(i.WIT_Data_In) for WIT_Data_In
    main.o(i.HAL_UART_RxCpltCallback) refers to stm32f1xx_hal_uart.o(i.HAL_UART_Receive_IT) for HAL_UART_Receive_IT
    main.o(i.HAL_UART_RxCpltCallback) refers to main.o(.bss) for huart1
    main.o(i.HAL_UART_RxCpltCallback) refers to main.o(.data) for WIT_rx
    main.o(i.MX_CAN_Init) refers to stm32f1xx_hal_can.o(i.HAL_CAN_Init) for HAL_CAN_Init
    main.o(i.MX_CAN_Init) refers to main.o(i.Error_Handler) for Error_Handler
    main.o(i.MX_CAN_Init) refers to main.o(.bss) for hcan
    main.o(i.MX_GPIO_Init) refers to stm32f1xx_hal_gpio.o(i.HAL_GPIO_Init) for HAL_GPIO_Init
    main.o(i.MX_GPIO_Init) refers to stm32f1xx_hal_cortex.o(i.HAL_NVIC_SetPriority) for HAL_NVIC_SetPriority
    main.o(i.MX_GPIO_Init) refers to stm32f1xx_hal_cortex.o(i.HAL_NVIC_EnableIRQ) for HAL_NVIC_EnableIRQ
    main.o(i.MX_TIM2_Init) refers to rt_memclr_w.o(.text) for __aeabi_memclr4
    main.o(i.MX_TIM2_Init) refers to stm32f1xx_hal_tim.o(i.HAL_TIM_Encoder_Init) for HAL_TIM_Encoder_Init
[...]
    ../clib/angel/boardlib.s                 0x00000000   Number         0  boardinit1.o ABSOLUTE
    ../clib/angel/boardlib.s                 0x00000000   Number         0  boardinit2.o ABSOLUTE
    ../clib/angel/boardlib.s                 0x00000000   Number         0  boardinit3.o ABSOLUTE
    ../clib/angel/handlers.s                 0x00000000   Number         0  __scatter_copy.o ABSOLUTE
    ../clib/angel/handlers.s                 0x00000000   Number         0  __scatter_zi.o ABSOLUTE
    ../clib/angel/kernel.s                   0x00000000   Number         0  __rtentry.o ABSOLUTE
    ../clib/angel/kernel.s                   0x00000000   Number         0  rtexit.o ABSOLUTE
    ../clib/angel/kernel.s                   0x00000000   Number         0  __rtentry4.o ABSOLUTE
    ../clib/angel/kernel.s                   0x00000000   Number         0  __rtentry2.o ABSOLUTE
    ../clib/angel/kernel.s                   0x00000000   Number         0  rtexit2.o ABSOLUTE
    ../clib/angel/rt.s                       0x00000000   Number         0  rt_raise.o ABSOLUTE
    ../clib/angel/scatter.s                  0x00000000   Number         0  __scatter.o ABSOLUTE
    ../clib/angel/startup.s                  0x00000000   Number         0  __main.o ABSOLUTE
    ../clib/angel/sys.s                      0x00000000   Number         0  use_no_semi.o ABSOLUTE
    ../clib/angel/sys.s                      0x00000000   Number         0  sys_stackheap_outer.o ABSOLUTE
    ../clib/angel/sys.s                      0x00000000   Number         0  libspace.o ABSOLUTE
    ../clib/angel/sys.s                      0x00000000   Number         0  indicate_semi.o ABSOLUTE
    ../clib/angel/sysapp.c                   0x00000000   Number         0  sys_exit.o ABSOLUTE
    ../clib/angel/sysapp.c                   0x00000000   Number         0  sys_command.o ABSOLUTE
    ../clib/angel/sysapp.c                   0x00000000   Number         0  sys_wrch.o ABSOLUTE
    ../clib/armsys.c                         0x00000000   Number         0  argv_veneer.o ABSOLUTE
    ../clib/armsys.c                         0x00000000   Number         0  argv_veneer.o ABSOLUTE
    ../clib/armsys.c                         0x00000000   Number         0  no_argv.o ABSOLUTE
    ../clib/armsys.c                         0x00000000   Number         0  _get_argv_nomalloc.o ABSOLUTE
    ../clib/heapalloc.c                      0x00000000   Number         0  hrguard.o ABSOLUTE
    ../clib/heapaux.c                        0x00000000   Number         0  heapauxi.o ABSOLUTE
    ../clib/libinit.s                        0x00000000   Number         0  libinit2.o ABSOLUTE
    ../clib/libinit.s                        0x00000000   Number         0  libinit.o ABSOLUTE
    ../clib/libinit.s                        0x00000000   Number         0  libshutdown.o ABSOLUTE
    ../clib/libinit.s                        0x00000000   Number         0  libshutdown2.o ABSOLUTE
    ../clib/longlong.s                       0x00000000   Number         0  llushr.o ABSOLUTE
    ../clib/memcpset.s                       0x00000000   Number         0  rt_memclr_w.o ABSOLUTE
    ../clib/signal.c                         0x00000000   Number         0  defsig_abrt_inner.o ABSOLUTE
    ../clib/signal.c                         0x00000000   Number         0  defsig_cppl_inner.o ABSOLUTE
    ../clib/signal.c                         0x00000000   Number         0  defsig_fpe_inner.o ABSOLUTE
    ../clib/signal.c                         0x00000000   Number         0  defsig_exit.o ABSOLUTE
    ../clib/signal.c                         0x00000000   Number         0  defsig_rtred_inner.o ABSOLUTE
    ../clib/signal.c                         0x00000000   Number         0  defsig_other.o ABSOLUTE
    ../clib/signal.c                         0x00000000   Number         0  defsig_segv_inner.o ABSOLUTE
    ../clib/signal.c                         0x00000000   Number         0  defsig_stak_inner.o ABSOLUTE
    ../clib/signal.c                         0x00000000   Number         0  defsig_rtmem_outer.o ABSOLUTE
    ../clib/signal.c                         0x00000000   Number         0  defsig_rtmem_formal.o ABSOLUTE
    ../clib/signal.c                         0x00000000   Number         0  defsig_pvfn_inner.o ABSOLUTE
    ../clib/signal.c                         0x00000000   Number         0  defsig_rtmem_inner.o ABSOLUTE
    ../clib/signal.c                         0x00000000   Number         0  __raise.o ABSOLUTE
    ../clib/signal.c                         0x00000000   Number         0  defsig_general.o ABSOLUTE
    ../clib/signal.s                         0x00000000   Number         0  defsig.o ABSOLUTE
    ../clib/stdlib.c                         0x00000000   Number         0  exit.o ABSOLUTE
    ../fplib/d2f.s                           0x00000000   Number         0  d2f.o ABSOLUTE
    ../fplib/ddiv.s                          0x00000000   Number         0  ddiv.o ABSOLUTE
    ../fplib/dflt.s                          0x00000000   Number         0  dflt_clz.o ABSOLUTE
    ../fplib/dmul.s                          0x00000000   Number         0  dmul.o ABSOLUTE
    ../fplib/dnaninf.s                       0x00000000   Number         0  dnaninf.o ABSOLUTE
    ../fplib/dretinf.s                       0x00000000   Number         0  dretinf.o ABSOLUTE
    ../fplib/f2d.s                           0x00000000   Number         0  f2d.o ABSOLUTE
    ../fplib/ffix.s                          0x00000000   Number         0  ffix.o ABSOLUTE
    ../fplib/fflt.s                          0x00000000   Number         0  fflt_clz.o ABSOLUTE
    ../fplib/fnaninf.s                       0x00000000   Number         0  fnaninf.o ABSOLUTE
    ../fplib/fpinit.s                        0x00000000   Number         0  fpinit.o ABSOLUTE
    ../fplib/fretinf.s                       0x00000000   Number         0  fretinf.o ABSOLUTE
    ../fplib/usenofp.s                       0x00000000   Number         0  usenofp.o ABSOLUTE
    ..\Core\Src\main.c                       0x00000000   Number         0  main.o ABSOLUTE
    ..\Core\Src\stm32f1xx_hal_msp.c          0x00000000   Number         0  stm32f1xx_hal_msp.o ABSOLUTE
    ..\Core\Src\stm32f1xx_it.c               0x00000000   Number         0  stm32f1xx_it.o ABSOLUTE
    ..\Core\Src\system_stm32f1xx.c           0x00000000   Number         0  system_stm32f1xx.o ABSOLUTE
    ..\Drivers\STM32F1xx_HAL_Driver\Src\stm32f1xx_hal.c 0x00000000   Number         0  stm32f1xx_hal.o ABSOLUTE
    ..\Drivers\STM32F1xx_HAL_Driver\Src\stm32f1xx_hal_can.c 0x00000000   Number         0  stm32f1xx_hal_can.o ABSOLUTE
    ..\Drivers\STM32F1xx_HAL_Driver\Src\stm32f1xx_hal_cortex.c 0x00000000   Number         0  stm32f1xx_hal_cortex.o ABSOLUTE
    ..\Drivers\STM32F1xx_HAL_Driver\Src\stm32f1xx_hal_dma.c 0x00000000   Number         0  stm32f1xx_hal_dma.o ABSOLUTE
    ..\Drivers\STM32F1xx_HAL_Driver\Src\stm32f1xx_hal_exti.c 0x00000000   Number         0  stm32f1xx_hal_exti.o ABSOLUTE
    ..\Drivers\STM32F1xx_HAL_Driver\Src\stm32f1xx_hal_flash.c 0x00000000   Number         0  stm32f1xx_hal_flash.o ABSOLUTE
    ..\Drivers\STM32F1xx_HAL_Driver\Src\stm32f1xx_hal_flash_ex.c 0x00000000   Number         0  stm32f1xx_hal_flash_ex.o ABSOLUTE
    ..\Drivers\STM32F1xx_HAL_Driver\Src\stm32f1xx_hal_gpio.c 0x00000000   Number         0  stm32f1xx_hal_gpio.o ABSOLUTE
    ..\Drivers\STM32F1xx_HAL_Driver\Src\stm32f1xx_hal_gpio_ex.c 0x00000000   Number         0  stm32f1xx_hal_gpio_ex.o ABSOLUTE
    ..\Drivers\STM32F1xx_HAL_Driver\Src\stm32f1xx_hal_pwr.c 0x00000000   Number         0  stm32f1xx_hal_pwr.o ABSOLUTE
    ..\Drivers\STM32F1xx_HAL_Driver\Src\stm32f1xx_hal_rcc.c 0x00000000   Number         0  stm32f1xx_hal_rcc.o ABSOLUTE
    ..\Drivers\STM32F1xx_HAL_Driver\Src\stm32f1xx_hal_rcc_ex.c 0x00000000   Number         0  stm32f1xx_hal_rcc_ex.o ABSOLUTE
    ..\Drivers\STM32F1xx_HAL_Driver\Src\stm32f1xx_hal_tim.c 0x00000000   Number         0  stm32f1xx_hal_tim.o ABSOLUTE
    ..\Drivers\STM32F1xx_HAL_Driver\Src\stm32f1xx_hal_tim_ex.c 0x00000000   Number         0  stm32f1xx_hal_tim_ex.o ABSOLUTE
    ..\Drivers\STM32F1xx_HAL_Driver\Src\stm32f1xx_hal_uart.c 0x00000000   Number         0  stm32f1xx_hal_uart.o ABSOLUTE
    ..\Mylib\Canbus.c                        0x00000000   Number         0  canbus.o ABSOLUTE
    ..\Mylib\EncoderPosition.c               0x00000000   Number         0  encoderposition.o ABSOLUTE
    ..\Mylib\WIT.c                           0x00000000   Number         0  wit.o ABSOLUTE
    ..\\Mylib\\Canbus.c                      0x00000000   Number         0  canbus.o ABSOLUTE
    ..\\Mylib\\EncoderPosition.c             0x00000000   Number         0  encoderposition.o ABSOLUTE
    ..\\Mylib\\WIT.c                         0x00000000   Number         0  wit.o ABSOLUTE
    dc.s                                     0x00000000   Number         0  dc.o ABSOLUTE
    startup_stm32f103xb.s                    0x00000000   Number         0  startup_stm32f103xb.o ABSOLUTE
    RESET                                    0x08000000   Section      236  startup_stm32f103xb.o(RESET)
    !!!main                                  0x080000ec   Section        8  __main.o(!!!main)
    !!!scatter                               0x080000f4   Section       52  __scatter.o(!!!scatter)
    !!handler_copy                           0x08000128   Section       26  __scatter_copy.o(!!handler_copy)
    !!handler_zi                             0x08000144   Section       28  __scatter_zi.o(!!handler_zi)
    .ARM.Collect$$libinit$$00000000          0x08000160   Section        2  libinit.o(.ARM.Collect$$libinit$$00000000)
    .ARM.Collect$$libinit$$00000002          0x08000162   Section        0  libinit2.o(.ARM.Collect$$libinit$$00000002)
    .ARM.Collect$$libinit$$00000004          0x08000162   Section        0  libinit2.o(.ARM.Collect$$libinit$$00000004)
    .ARM.Collect$$libinit$$0000000A          0x08000162   Section        0  libinit2.o(.ARM.Collect$$libinit$$0000000A)
    .ARM.Collect$$libinit$$0000000C          0x08000162   Section        0  libinit2.o(.ARM.Collect$$libinit$$0000000C)
    .ARM.Collect$$libinit$$0000000E          0x08000162   Section        0  libinit2.o(.ARM.Collect$$libinit$$0000000E)
    .ARM.Collect$$libinit$$00000011          0x08000162   Section        0  libinit2.o(.ARM.Collect$$libinit$$00000011)
    .ARM.Collect$$libinit$$00000013          0x08000162   Section        0  libinit2.o(.ARM.Collect$$libinit$$00000013)
    .ARM.Collect$$libinit$$00000015          0x08000162   Section        0  libinit2.o(.ARM.Collect$$libinit$$00000015)
    .ARM.Collect$$libinit$$00000017          0x08000162   Section        0  libinit2.o(.ARM.Collect$$libinit$$00000017)
    .ARM.Collect$$libinit$$00000019          0x08000162   Section        0  libinit2.o(.ARM.Collect$$libinit$$00000019)
    .ARM.Collect$$libinit$$0000001B          0x08000162   Section        0  libinit2.o(.ARM.Collect$$libinit$$0000001B)
    .ARM.Collect$$libinit$$0000001D          0x08000162   Section        0  libinit2.o(.ARM.Collect$$libinit$$0000001D)
    .ARM.Collect$$libinit$$0000001F          0x08000162   Section        0  libinit2.o(.ARM.Collect$$libinit$$0000001F)
    .ARM.Collect$$libinit$$00000021          0x08000162   Section        0  libinit2.o(.ARM.Collect$$libinit$$00000021)
    .ARM.Collect$$libinit$$00000023          0x08000162   Section        0  libinit2.o(.ARM.Collect$$libinit$$00000023)
    .ARM.Collect$$libinit$$00000025          0x08000162   Section        0  libinit2.o(.ARM.Collect$$libinit$$00000025)
    .ARM.Collect$$libinit$$0000002C          0x08000162   Section        0  libinit2.o(.ARM.Collect$$libinit$$0000002C)
    .ARM.Collect$$libinit$$0000002E          0x08000162   Section        0  libinit2.o(.ARM.Collect$$libinit$$0000002E)
    .ARM.Collect$$libinit$$00000030          0x08000162   Section        0  libinit2.o(.ARM.Collect$$libinit$$00000030)
    .ARM.Collect$$libinit$$00000032          0x08000162   Section        0  libinit2.o(.ARM.Collect$$libinit$$00000032)
    .ARM.Collect$$libinit$$00000033          0x08000162   Section        2  libinit2.o(.ARM.Collect$$libinit$$00000033)
    .ARM.Collect$$libshutdown$$00000000      0x08000164   Section        2  libshutdown.o(.ARM.Collect$$libshutdown$$00000000)
    .ARM.Collect$$libshutdown$$00000002      0x08000166   Section        0  libshutdown2.o(.ARM.Collect$$libshutdown$$00000002)
    .ARM.Collect$$libshutdown$$00000004      0x08000166   Section        0  libshutdown2.o(.ARM.Collect$$libshutdown$$00000004)
    .ARM.Collect$$libshutdown$$00000007      0x08000166   Section        0  libshutdown2.o(.ARM.Collect$$libshutdown$$00000007)
    .ARM.Collect$$libshutdown$$0000000A      0x08000166   Section        0  libshutdown2.o(.ARM.Collect$$libshutdown$$0000000A)
    .ARM.Collect$$libshutdown$$0000000C      0x08000166   Section        0  libshutdown2.o(.ARM.Collect$$libshutdown$$0000000C)
    .ARM.Collect$$libshutdown$$0000000F      0x08000166   Section        0  libshutdown2.o(.ARM.Collect$$libshutdown$$0000000F)
    .ARM.Collect$$libshutdown$$00000010      0x08000166   Section        2  libshutdown2.o(.ARM.Collect$$libshutdown$$00000010)
    .ARM.Collect$$rtentry$$00000000          0x08000168   Section        0  __rtentry.o(.ARM.Collect$$rtentry$$00000000)
    .ARM.Collect$$rtentry$$00000002          0x08000168   Section        0  __rtentry2.o(.ARM.Collect$$rtentry$$00000002)
    .ARM.Collect$$rtentry$$00000004          0x08000168   Section        6  __rtentry4.o(.ARM.Collect$$rtentry$$00000004)
    .ARM.Collect$$rtentry$$00000009          0x0800016e   Section        0  __rtentry2.o(.ARM.Collect$$rtentry$$00000009)
    .ARM.Collect$$rtentry$$0000000A          0x0800016e   Section        4  __rtentry2.o(.ARM.Collect$$rtentry$$0000000A)
    .ARM.Collect$$rtentry$$0000000C          0x08000172   Section        0  __rtentry2.o(.ARM.Collect$$rtentry$$0000000C)
    .ARM.Collect$$rtentry$$0000000D          0x08000172   Section        8  __rtentry2.o(.ARM.Collect$$rtentry$$0000000D)
    .ARM.Collect$$rtexit$$00000000           0x0800017a   Section        2  rtexit.o(.ARM.Collect$$rtexit$$00000000)
    .ARM.Collect$$rtexit$$00000002           0x0800017c   Section        0  rtexit2.o(.ARM.Collect$$rtexit$$00000002)
    .ARM.Collect$$rtexit$$00000003           0x0800017c   Section        4  rtexit2.o(.ARM.Collect$$rtexit$$00000003)
    .ARM.Collect$$rtexit$$00000004           0x08000180   Section        6  rtexit2.o(.ARM.Collect$$rtexit$$00000004)
    .text                                    0x08000188   Section       64  startup_stm32f103xb.o(.text)
    .text                                    0x080001c8   Section       78  rt_memclr_w.o(.text)
    .text                                    0x08000216   Section        0  heapauxi.o(.text)
    .text                                    0x0800021c   Section       74  sys_stackheap_outer.o(.text)
    .text                                    0x08000266   Section        0  exit.o(.text)
    .text                                    0x08000278   Section        8  libspace.o(.text)
    .text                                    0x08000280   Section        0  sys_exit.o(.text)
    .text                                    0x0800028c   Section        2  use_no_semi.o(.text)
    .text                                    0x0800028e   Section        0  indicate_semi.o(.text)
    i.BusFault_Handler                       0x0800028e   Section        0  stm32f1xx_it.o(i.BusFault_Handler)
    i.CAN1_RX1_IRQHandler                    0x08000294   Section        0  stm32f1xx_it.o(i.CAN1_RX1_IRQHandler)
    i.CAN_Encoder_Feedback                   0x080002a4   Section        0  canbus.o(i.CAN_Encoder_Feedback)
    i.CAN_Encoder_Transmit                   0x080002f0   Section        0  canbus.o(i.CAN_Encoder_Transmit)
    i.CAN_Encoder_TxDelay                    0x080003ac   Section        0  canbus.o(i.CAN_Encoder_TxDelay)
    i.CAN_Encoder_TxStart_Init               0x080003c4   Section        0  canbus.o(i.CAN_Encoder_TxStart_Init)
    i.CAN_IMU_Feedback                       0x0800040c   Section        0  canbus.o(i.CAN_IMU_Feedback)
    i.CAN_IMU_Transmit                       0x08000458   Section        0  canbus.o(i.CAN_IMU_Transmit)
    i.CAN_IMU_TxDelay                        0x080004f4   Section        0  canbus.o(i.CAN_IMU_TxDelay)
    i.CAN_IMU_TxStart_Init                   0x0800050c   Section        0  canbus.o(i.CAN_IMU_TxStart_Init)
    i.CAN_Single_FilterMaskIDHigh_Config     0x08000554   Section        0  canbus.o(i.CAN_Single_FilterMaskIDHigh_Config)
    i.CAN_TxHeader_Init                      0x08000590   Section        0  canbus.o(i.CAN_TxHeader_Init)
    i.DebugMon_Handler                       0x080005a0   Section        0  stm32f1xx_it.o(i.DebugMon_Handler)
    i.EXTI3_IRQHandler                       0x080005a2   Section        0  stm32f1xx_it.o(i.EXTI3_IRQHandler)
    i.EXTI4_IRQHandler                       0x080005ac   Section        0  stm32f1xx_it.o(i.EXTI4_IRQHandler)
    i.Encoder_Offset_Detect                  0x080005b8   Section        0  encoderposition.o(i.Encoder_Offset_Detect)
    i.Encoder_Position                       0x080005dc   Section        0  encoderposition.o(i.Encoder_Position)
    i.Encoder_Pulse_Calibration              0x0800064c   Section        0  encoderposition.o(i.Encoder_Pulse_Calibration)
    i.Encoder_Pulse_Counter                  0x0800066e   Section        0  encoderposition.o(i.Encoder_Pulse_Counter)
    i.Encoder_Reset                          0x080006dc   Section        0  encoderposition.o(i.Encoder_Reset)
    i.Encoder_Round_Counter                  0x08000710   Section        0  encoderposition.o(i.Encoder_Round_Counter)
    i.Encoder_Update_Data                    0x0800075c   Section        0  encoderposition.o(i.Encoder_Update_Data)
    i.Error_Handler                          0x08000770   Section        0  main.o(i.Error_Handler)
    i.HAL_CAN_ActivateNotification           0x08000776   Section        0  stm32f1xx_hal_can.o(i.HAL_CAN_ActivateNotification)
    i.HAL_CAN_AddTxMessage                   0x080007a0   Section        0  stm32f1xx_hal_can.o(i.HAL_CAN_AddTxMessage)
    i.HAL_CAN_ConfigFilter                   0x080008ea   Section        0  stm32f1xx_hal_can.o(i.HAL_CAN_ConfigFilter)
    i.HAL_CAN_ErrorCallback                  0x080009f4   Section        0  stm32f1xx_hal_can.o(i.HAL_CAN_ErrorCallback)
    i.HAL_CAN_GetRxMessage                   0x080009f6   Section        0  stm32f1xx_hal_can.o(i.HAL_CAN_GetRxMessage)
    i.HAL_CAN_IRQHandler                     0x08000b8a   Section        0  stm32f1xx_hal_can.o(i.HAL_CAN_IRQHandler)
    i.HAL_CAN_Init                           0x08000dd8   Section        0  stm32f1xx_hal_can.o(i.HAL_CAN_Init)
    i.HAL_CAN_MspInit                        0x08000f4c   Section        0  stm32f1xx_hal_msp.o(i.HAL_CAN_MspInit)
    i.HAL_CAN_RxFifo0FullCallback            0x08000ff4   Section        0  stm32f1xx_hal_can.o(i.HAL_CAN_RxFifo0FullCallback)
    i.HAL_CAN_RxFifo0MsgPendingCallback      0x08000ff8   Section        0  main.o(i.HAL_CAN_RxFifo0MsgPendingCallback)
    i.HAL_CAN_RxFifo1FullCallback            0x0800104c   Section        0  stm32f1xx_hal_can.o(i.HAL_CAN_RxFifo1FullCallback)
    i.HAL_CAN_RxFifo1MsgPendingCallback      0x08001050   Section        0  main.o(i.HAL_CAN_RxFifo1MsgPendingCallback)
    i.HAL_CAN_SleepCallback                  0x080010a0   Section        0  stm32f1xx_hal_can.o(i.HAL_CAN_SleepCallback)
    i.HAL_CAN_Start                          0x080010a2   Section        0  stm32f1xx_hal_can.o(i.HAL_CAN_Start)
    i.HAL_CAN_TxMailbox0AbortCallback        0x08001100   Section        0  stm32f1xx_hal_can.o(i.HAL_CAN_TxMailbox0AbortCallback)
    i.HAL_CAN_TxMailbox0CompleteCallback     0x08001102   Section        0  stm32f1xx_hal_can.o(i.HAL_CAN_TxMailbox0CompleteCallback)
    i.HAL_CAN_TxMailbox1AbortCallback        0x08001104   Section        0  stm32f1xx_hal_can.o(i.HAL_CAN_TxMailbox1AbortCallback)
    i.HAL_CAN_TxMailbox1CompleteCallback     0x08001106   Section        0  stm32f1xx_hal_can.o(i.HAL_CAN_TxMailbox1CompleteCallback)
    i.HAL_CAN_TxMailbox2AbortCallback        0x08001108   Section        0  stm32f1xx_hal_can.o(i.HAL_CAN_TxMailbox2AbortCallback)
    i.HAL_CAN_TxMailbox2CompleteCallback     0x0800110a   Section        0  stm32f1xx_hal_can.o(i.HAL_CAN_TxMailbox2CompleteCallback)
    i.HAL_CAN_WakeUpFromRxMsgCallback        0x0800110c   Section        0  stm32f1xx_hal_can.o(i.HAL_CAN_WakeUpFromRxMsgCallback)
    i.HAL_DMA_Abort                          0x0800110e   Section        0  stm32f1xx_hal_dma.o(i.HAL_DMA_Abort)
    i.HAL_DMA_Abort_IT                       0x08001164   Section        0  stm32f1xx_hal_dma.o(i.HAL_DMA_Abort_IT)
    i.HAL_GPIO_EXTI_Callback                 0x08001214   Section        0  main.o(i.HAL_GPIO_EXTI_Callback)
    i.HAL_GPIO_EXTI_IRQHandler               0x0800125c   Section        0  stm32f1xx_hal_gpio.o(i.HAL_GPIO_EXTI_IRQHandler)
    i.HAL_GPIO_Init                          0x08001278   Section        0  stm32f1xx_hal_gpio.o(i.HAL_GPIO_Init)
    i.HAL_GetTick                            0x08001598   Section        0  stm32f1xx_hal.o(i.HAL_GetTick)
    i.HAL_IncTick                            0x080015a4   Section        0  stm32f1xx_hal.o(i.HAL_IncTick)
    i.HAL_Init                               0x080015bc   Section        0  stm32f1xx_hal.o(i.HAL_Init)
    i.HAL_InitTick                           0x080015e4   Section        0  stm32f1xx_hal.o(i.HAL_InitTick)
    i.HAL_MspInit                            0x08001630   Section        0  stm32f1xx_hal_msp.o(i.HAL_MspInit)
    i.HAL_NVIC_EnableIRQ                     0x08001684   Section        0  stm32f1xx_hal_cortex.o(i.HAL_NVIC_EnableIRQ)
    i.HAL_NVIC_SetPriority                   0x080016a4   Section        0  stm32f1xx_hal_cortex.o(i.HAL_NVIC_SetPriority)
    i.HAL_NVIC_SetPriorityGrouping           0x08001720   Section        0  stm32f1xx_hal_cortex.o(i.HAL_NVIC_SetPriorityGrouping)
    i.HAL_RCC_ClockConfig                    0x08001748   Section        0  stm32f1xx_hal_rcc.o(i.HAL_RCC_ClockConfig)
    i.HAL_RCC_GetHCLKFreq                    0x080018d4   Section        0  stm32f1xx_hal_rcc.o(i.HAL_RCC_GetHCLKFreq)
    i.HAL_RCC_GetPCLK1Freq                   0x080018e0   Section        0  stm32f1xx_hal_rcc.o(i.HAL_RCC_GetPCLK1Freq)
    i.HAL_RCC_GetPCLK2Freq                   0x08001900   Section        0  stm32f1xx_hal_rcc.o(i.HAL_RCC_GetPCLK2Freq)
    i.HAL_RCC_GetSysClockFreq                0x08001920   Section        0  stm32f1xx_hal_rcc.o(i.HAL_RCC_GetSysClockFreq)
    i.HAL_RCC_OscConfig                      0x08001990   Section        0  stm32f1xx_hal_rcc.o(i.HAL_RCC_OscConfig)
    i.HAL_SYSTICK_Config                     0x08001df4   Section        0  stm32f1xx_hal_cortex.o(i.HAL_SYSTICK_Config)
    i.HAL_TIMEx_MasterConfigSynchronization  0x08001e28   Section        0  stm32f1xx_hal_tim_ex.o(i.HAL_TIMEx_MasterConfigSynchronization)
    i.HAL_TIM_Encoder_Init                   0x08001eac   Section        0  stm32f1xx_hal_tim.o(i.HAL_TIM_Encoder_Init)
    i.HAL_TIM_Encoder_MspInit                0x08001f70   Section        0  stm32f1xx_hal_msp.o(i.HAL_TIM_Encoder_MspInit)
    i.HAL_TIM_Encoder_Start                  0x08002038   Section        0  stm32f1xx_hal_tim.o(i.HAL_TIM_Encoder_Start)
    i.HAL_UARTEx_RxEventCallback             0x08002104   Section        0  stm32f1xx_hal_uart.o(i.HAL_UARTEx_RxEventCallback)
    i.HAL_UART_ErrorCallback                 0x08002106   Section        0  stm32f1xx_hal_uart.o(i.HAL_UART_ErrorCallback)
    i.HAL_UART_IRQHandler                    0x08002108   Section        0  stm32f1xx_hal_uart.o(i.HAL_UART_IRQHandler)
    i.HAL_UART_Init                          0x080023ec   Section        0  stm32f1xx_hal_uart.o(i.HAL_UART_Init)
    i.HAL_UART_MspInit                       0x08002464   Section        0  stm32f1xx_hal_msp.o(i.HAL_UART_MspInit)
    i.HAL_UART_Receive_IT                    0x080024fc   Section        0  stm32f1xx_hal_uart.o(i.HAL_UART_Receive_IT)
    i.HAL_UART_RxCpltCallback                0x08002528   Section        0  main.o(i.HAL_UART_RxCpltCallback)
    i.HAL_UART_Transmit                      0x08002554   Section        0  stm32f1xx_hal_uart.o(i.HAL_UART_Transmit)
    i.HAL_UART_TxCpltCallback                0x08002612   Section        0  stm32f1xx_hal_uart.o(i.HAL_UART_TxCpltCallback)
    i.HardFault_Handler                      0x08002614   Section        0  stm32f1xx_it.o(i.HardFault_Handler)
    i.MX_CAN_Init                            0x08002618   Section        0  main.o(i.MX_CAN_Init)
    MX_CAN_Init                              0x08002619   Thumb Code    58  main.o(i.MX_CAN_Init)
    i.MX_GPIO_Init                           0x0800265c   Section        0  main.o(i.MX_GPIO_Init)
    MX_GPIO_Init                             0x0800265d   Thumb Code   124  main.o(i.MX_GPIO_Init)
    i.MX_TIM2_Init                           0x080026e4   Section        0  main.o(i.MX_TIM2_Init)
    MX_TIM2_Init                             0x080026e5   Thumb Code   116  main.o(i.MX_TIM2_Init)
    i.MX_TIM3_Init                           0x0800275c   Section        0  main.o(i.MX_TIM3_Init)
    MX_TIM3_Init                             0x0800275d   Thumb Code   114  main.o(i.MX_TIM3_Init)
    i.MX_USART1_UART_Init                    0x080027d8   Section        0  main.o(i.MX_USART1_UART_Init)
    MX_USART1_UART_Init                      0x080027d9   Thumb Code    46  main.o(i.MX_USART1_UART_Init)
    i.MemManage_Handler                      0x08002810   Section        0  stm32f1xx_it.o(i.MemManage_Handler)
    i.NMI_Handler                            0x08002814   Section        0  stm32f1xx_it.o(i.NMI_Handler)
    i.PendSV_Handler                         0x08002818   Section        0  stm32f1xx_it.o(i.PendSV_Handler)
    i.RCC_Delay                              0x0800281c   Section        0  stm32f1xx_hal_rcc.o(i.RCC_Delay)
    RCC_Delay                                0x0800281d   Thumb Code    36  stm32f1xx_hal_rcc.o(i.RCC_Delay)
    i.SVC_Handler                            0x08002844   Section        0  stm32f1xx_it.o(i.SVC_Handler)
    i.SysTick_Handler                        0x08002846   Section        0  stm32f1xx_it.o(i.SysTick_Handler)
    i.SystemClock_Config                     0x0800284e   Section        0  main.o(i.SystemClock_Config)
    i.SystemInit                             0x080028b4   Section        0  system_stm32f1xx.o(i.SystemInit)
    i.TIM_Base_SetConfig                     0x080028b8   Section        0  stm32f1xx_hal_tim.o(i.TIM_Base_SetConfig)
    i.TIM_CCxChannelCmd                      0x0800293c   Section        0  stm32f1xx_hal_tim.o(i.TIM_CCxChannelCmd)
    i.UART_DMAAbortOnError                   0x0800295e   Section        0  stm32f1xx_hal_uart.o(i.UART_DMAAbortOnError)
    UART_DMAAbortOnError                     0x0800295f   Thumb Code    20  stm32f1xx_hal_uart.o(i.UART_DMAAbortOnError)
    i.UART_EndRxTransfer                     0x08002972   Section        0  stm32f1xx_hal_uart.o(i.UART_EndRxTransfer)
    UART_EndRxTransfer                       0x08002973   Thumb Code   108  stm32f1xx_hal_uart.o(i.UART_EndRxTransfer)
    i.UART_EndTransmit_IT                    0x080029de   Section        0  stm32f1xx_hal_uart.o(i.UART_EndTransmit_IT)
    UART_EndTransmit_IT                      0x080029df   Thumb Code    32  stm32f1xx_hal_uart.o(i.UART_EndTransmit_IT)
    i.UART_Receive_IT                        0x080029fe   Section        0  stm32f1xx_hal_uart.o(i.UART_Receive_IT)
    UART_Receive_IT                          0x080029ff   Thumb Code   252  stm32f1xx_hal_uart.o(i.UART_Receive_IT)
    i.UART_SetConfig                         0x08002afc   Section        0  stm32f1xx_hal_uart.o(i.UART_SetConfig)
    UART_SetConfig                           0x08002afd   Thumb Code   248  stm32f1xx_hal_uart.o(i.UART_SetConfig)
    i.UART_Start_Receive_IT                  0x08002bf8   Section        0  stm32f1xx_hal_uart.o(i.UART_Start_Receive_IT)
    i.UART_Transmit_IT                       0x08002c38   Section        0  stm32f1xx_hal_uart.o(i.UART_Transmit_IT)
    UART_Transmit_IT                         0x08002c39   Thumb Code    96  stm32f1xx_hal_uart.o(i.UART_Transmit_IT)
    i.UART_WaitOnFlagUntilTimeout            0x08002c98   Section        0  stm32f1xx_hal_uart.o(i.UART_WaitOnFlagUntilTimeout)
    UART_WaitOnFlagUntilTimeout              0x08002c99   Thumb Code   140  stm32f1xx_hal_uart.o(i.UART_WaitOnFlagUntilTimeout)
    i.USART1_IRQHandler                      0x08002d24   Section        0  stm32f1xx_it.o(i.USART1_IRQHandler)
    i.USB_LP_CAN1_RX0_IRQHandler             0x08002d34   Section        0  stm32f1xx_it.o(i.USB_LP_CAN1_RX0_IRQHandler)
    i.UsageFault_Handler                     0x08002d44   Section        0  stm32f1xx_it.o(i.UsageFault_Handler)
    i.WIT_Data_In                            0x08002d48   Section        0  wit.o(i.WIT_Data_In)
    i.WIT_Data_Process                       0x08002d90   Section        0  wit.o(i.WIT_Data_Process)
    i.WIT_Reset_Flag                         0x08002ee4   Section        0  wit.o(i.WIT_Reset_Flag)
    i.WIT_Reset_Zero                         0x08002ef0   Section        0  wit.o(i.WIT_Reset_Zero)
    i.__NVIC_GetPriorityGrouping             0x08002f94   Section        0  stm32f1xx_hal_cortex.o(i.__NVIC_GetPriorityGrouping)
    __NVIC_GetPriorityGrouping               0x08002f95   Thumb Code    10  stm32f1xx_hal_cortex.o(i.__NVIC_GetPriorityGrouping)
    i.__NVIC_SetPriority                     0x08002fa4   Section        0  stm32f1xx_hal_cortex.o(i.__NVIC_SetPriority)
    __NVIC_SetPriority                       0x08002fa5   Thumb Code    32  stm32f1xx_hal_cortex.o(i.__NVIC_SetPriority)
    i.main                                   0x08002fcc   Section        0  main.o(i.main)
    x$fpl$d2f                                0x08003164   Section       98  d2f.o(x$fpl$d2f)
    x$fpl$ddiv                               0x080031c8   Section      688  ddiv.o(x$fpl$ddiv)
    ddiv_entry                               0x080031cf   Thumb Code     0  ddiv.o(x$fpl$ddiv)
    x$fpl$dflt                               0x08003478   Section       46  dflt_clz.o(x$fpl$dflt)
    x$fpl$dfltu                              0x080034a6   Section       38  dflt_clz.o(x$fpl$dfltu)
    x$fpl$dmul                               0x080034cc   Section      340  dmul.o(x$fpl$dmul)
    x$fpl$dnaninf                            0x08003620   Section      156  dnaninf.o(x$fpl$dnaninf)
    x$fpl$dretinf                            0x080036bc   Section       12  dretinf.o(x$fpl$dretinf)
    x$fpl$f2d                                0x080036c8   Section       86  f2d.o(x$fpl$f2d)
    x$fpl$ffix                               0x08003720   Section       54  ffix.o(x$fpl$ffix)
    x$fpl$fflt                               0x08003758   Section       48  fflt_clz.o(x$fpl$fflt)
    x$fpl$fnaninf                            0x08003788   Section      140  fnaninf.o(x$fpl$fnaninf)
    x$fpl$fretinf                            0x08003814   Section       10  fretinf.o(x$fpl$fretinf)
    .constdata                               0x0800381e   Section       18  stm32f1xx_hal_rcc.o(.constdata)
    x$fpl$usenofp                            0x0800381e   Section        0  usenofp.o(x$fpl$usenofp)
    aPLLMULFactorTable                       0x0800381e   Data          16  stm32f1xx_hal_rcc.o(.constdata)
    aPredivFactorTable                       0x0800382e   Data           2  stm32f1xx_hal_rcc.o(.constdata)
    .constdata                               0x08003830   Section       24  system_stm32f1xx.o(.constdata)
    .data                                    0x20000000   Section       35  main.o(.data)
    .data                                    0x20000024   Section        9  stm32f1xx_hal.o(.data)
    .data                                    0x20000030   Section        4  system_stm32f1xx.o(.data)
    .data                                    0x20000034   Section        2  encoderposition.o(.data)
    flag                                     0x20000034   Data           1  encoderposition.o(.data)
    flag                                     0x20000035   Data           1  encoderposition.o(.data)
    .data                                    0x20000038   Section       24  wit.o(.data)
    unlock_cmd                               0x20000038   Data           5  wit.o(.data)
    reset_zero_cmd                           0x2000003d   Data           5  wit.o(.data)
    save_cmd                                 0x20000042   Data           5  wit.o(.data)
    flag                                     0x20000047   Data           1  wit.o(.data)
    recieve_flag                             0x20000048   Data           1  wit.o(.data)
    data_len                                 0x20000049   Data           1  wit.o(.data)
    uart_flag                                0x2000004a   Data           1  wit.o(.data)
    time                                     0x2000004c   Data           4  wit.o(.data)
    .data                                    0x20000050   Section       20  canbus.o(.data)
    encoder_tx_delay                         0x20000050   Data           2  canbus.o(.data)
    IMU_tx_delay                             0x20000052   Data           2  canbus.o(.data)
    encoder_feedback                         0x20000054   Data           2  canbus.o(.data)
    IMU_feedback                             0x20000056   Data           2  canbus.o(.data)
    time                                     0x20000058   Data           4  canbus.o(.data)
    flag                                     0x2000005c   Data           1  canbus.o(.data)
    time                                     0x20000060   Data           4  canbus.o(.data)
    .bss                                     0x20000064   Section      492  main.o(.bss)
    .bss                                     0x20000250   Section       11  wit.o(.bss)
    buff                                     0x20000250   Data          11  wit.o(.bss)
    .bss                                     0x2000025c   Section       12  canbus.o(.bss)
    TxMailbox                                0x2000025c   Data          12  canbus.o(.bss)
    .bss                                     0x20000268   Section       96  libspace.o(.bss)
    HEAP                                     0x200002c8   Section      512  startup_stm32f103xb.o(HEAP)
    Heap_Mem                                 0x200002c8   Data         512  startup_stm32f103xb.o(HEAP)
    STACK                                    0x200004c8   Section     1024  startup_stm32f103xb.o(STACK)
    Stack_Mem                                0x200004c8   Data        1024  startup_stm32f103xb.o(STACK)
    __initial_sp                             0x200008c8   Data           0  startup_stm32f103xb.o(STACK)

    Global Symbols

    Symbol Name                              Value     Ov Type        Size  Object(Section)

    BuildAttributes$$THM_ISAv4$P$D$K$B$S$PE$A:L22UL41UL21$X:L11$S22US41US21$IEEE1$IW$USESV6$~STKCKD$USESV7$~SHL$OSPACE$ROPI$EBA8$UX$STANDARDLIB$REQ8$PRES8$EABIv2 0x00000000   Number         0  anon$$obj.o ABSOLUTE
    __ARM_use_no_argv                        0x00000000   Number         0  main.o ABSOLUTE
    __ARM_exceptions_init                     - Undefined Weak Reference
    __alloca_initialize                       - Undefined Weak Reference
    __arm_preinit_                            - Undefined Weak Reference
    __cpp_initialize__aeabi_                  - Undefined Weak Reference
    __cxa_finalize                            - Undefined Weak Reference
    __rt_locale                               - Undefined Weak Reference
    __sigvec_lookup                           - Undefined Weak Reference
    _atexit_init                              - Undefined Weak Reference
    _call_atexit_fns                          - Undefined Weak Reference
    _clock_init                               - Undefined Weak Reference
    _fp_trap_init                             - Undefined Weak Reference
    _fp_trap_shutdown                         - Undefined Weak Reference
    _get_lc_collate                           - Undefined Weak Reference
    _get_lc_ctype                             - Undefined Weak Reference
    _get_lc_monetary                          - Undefined Weak Reference
    _get_lc_numeric                           - Undefined Weak Reference
    _get_lc_time                              - Undefined Weak Reference
    _getenv_init                              - Undefined Weak Reference
    _handle_redirection                       - Undefined Weak Reference
    _init_alloc                               - Undefined Weak Reference
    _init_user_alloc                          - Undefined Weak Reference
    _initio                                   - Undefined Weak Reference
    _rand_init                                - Undefined Weak Reference
    _signal_finish                            - Undefined Weak Reference
    _signal_init                              - Undefined Weak Reference
    _terminate_alloc                          - Undefined Weak Reference
    _terminate_user_alloc                     - Undefined Weak Reference
    _terminateio                              - Undefined Weak Reference
    __Vectors_Size                           0x000000ec   Number         0  startup_stm32f103xb.o ABSOLUTE
    __Vectors                                0x08000000   Data           4  startup_stm32f103xb.o(RESET)
    __Vectors_End                            0x080000ec   Data           0  startup_stm32f103xb.o(RESET)
    __main                                   0x080000ed   Thumb Code     8  __main.o(!!!main)
    __scatterload                            0x080000f5   Thumb Code     0  __scatter.o(!!!scatter)
    __scatterload_rt2                        0x080000f5   Thumb Code    44  __scatter.o(!!!scatter)
    __scatterload_rt2_thumb_only             0x080000f5   Thumb Code     0  __scatter.o(!!!scatter)
    __scatterload_null                       0x08000103   Thumb Code     0  __scatter.o(!!!scatter)
    __scatterload_copy                       0x08000129   Thumb Code    26  __scatter_copy.o(!!handler_copy)
    __scatterload_zeroinit                   0x08000145   Thumb Code    28  __scatter_zi.o(!!handler_zi)
    __rt_lib_init                            0x08000161   Thumb Code     0  libinit.o(.ARM.Collect$$libinit$$00000000)
    __rt_lib_init_alloca_1                   0x08000163   Thumb Code     0  libinit2.o(.ARM.Collect$$libinit$$0000002E)
    __rt_lib_init_argv_1                     0x08000163   Thumb Code     0  libinit2.o(.ARM.Collect$$libinit$$0000002C)
    __rt_lib_init_atexit_1                   0x08000163   Thumb Code     0  libinit2.o(.ARM.Collect$$libinit$$0000001B)
    __rt_lib_init_clock_1                    0x08000163   Thumb Code     0  libinit2.o(.ARM.Collect$$libinit$$00000021)
    __rt_lib_init_cpp_1                      0x08000163   Thumb Code     0  libinit2.o(.ARM.Collect$$libinit$$00000032)
    __rt_lib_init_exceptions_1               0x08000163   Thumb Code     0  libinit2.o(.ARM.Collect$$libinit$$00000030)
    __rt_lib_init_fp_1                       0x08000163   Thumb Code     0  libinit2.o(.ARM.Collect$$libinit$$00000002)
    __rt_lib_init_fp_trap_1                  0x08000163   Thumb Code     0  libinit2.o(.ARM.Collect$$libinit$$0000001F)
    __rt_lib_init_getenv_1                   0x08000163   Thumb Code     0  libinit2.o(.ARM.Collect$$libinit$$00000023)
    __rt_lib_init_heap_1                     0x08000163   Thumb Code     0  libinit2.o(.ARM.Collect$$libinit$$0000000A)
    __rt_lib_init_lc_collate_1               0x08000163   Thumb Code     0  libinit2.o(.ARM.Collect$$libinit$$00000011)
    __rt_lib_init_lc_ctype_1                 0x08000163   Thumb Code     0  libinit2.o(.ARM.Collect$$libinit$$00000013)
    __rt_lib_init_lc_monetary_1              0x08000163   Thumb Code     0  libinit2.o(.ARM.Collect$$libinit$$00000015)
    __rt_lib_init_lc_numeric_1               0x08000163   Thumb Code     0  libinit2.o(.ARM.Collect$$libinit$$00000017)
    __rt_lib_init_lc_time_1                  0x08000163   Thumb Code     0  libinit2.o(.ARM.Collect$$libinit$$00000019)
    __rt_lib_init_preinit_1                  0x08000163   Thumb Code     0  libinit2.o(.ARM.Collect$$libinit$$00000004)
    __rt_lib_init_rand_1                     0x08000163   Thumb Code     0  libinit2.o(.ARM.Collect$$libinit$$0000000E)
    __rt_lib_init_return                     0x08000163   Thumb Code     0  libinit2.o(.ARM.Collect$$libinit$$00000033)
    __rt_lib_init_signal_1                   0x08000163   Thumb Code     0  libinit2.o(.ARM.Collect$$libinit$$0000001D)
    __rt_lib_init_stdio_1                    0x08000163   Thumb Code     0  libinit2.o(.ARM.Collect$$libinit$$00000025)
    __rt_lib_init_user_alloc_1               0x08000163   Thumb Code     0  libinit2.o(.ARM.Collect$$libinit$$0000000C)
    __rt_lib_shutdown                        0x08000165   Thumb Code     0  libshutdown.o(.ARM.Collect$$libshutdown$$00000000)
    __rt_lib_shutdown_cpp_1                  0x08000167   Thumb Code     0  libshutdown2.o(.ARM.Collect$$libshutdown$$00000002)
    __rt_lib_shutdown_fp_trap_1              0x08000167   Thumb Code     0  libshutdown2.o(.ARM.Collect$$libshutdown$$00000007)
    __rt_lib_shutdown_heap_1                 0x08000167   Thumb Code     0  libshutdown2.o(.ARM.Collect$$libshutdown$$0000000F)
    __rt_lib_shutdown_return                 0x08000167   Thumb Code     0  libshutdown2.o(.ARM.Collect$$libshutdown$$00000010)
    __rt_lib_shutdown_signal_1               0x08000167   Thumb Code     0  libshutdown2.o(.ARM.Collect$$libshutdown$$0000000A)
    __rt_lib_shutdown_stdio_1                0x08000167   Thumb Code     0  libshutdown2.o(.ARM.Collect$$libshutdown$$00000004)
    __rt_lib_shutdown_user_alloc_1           0x08000167   Thumb Code     0  libshutdown2.o(.ARM.Collect$$libshutdown$$0000000C)
    __rt_entry                               0x08000169   Thumb Code     0  __rtentry.o(.ARM.Collect$$rtentry$$00000000)
    __rt_entry_presh_1                       0x08000169   Thumb Code     0  __rtentry2.o(.ARM.Collect$$rtentry$$00000002)
    __rt_entry_sh                            0x08000169   Thumb Code     0  __rtentry4.o(.ARM.Collect$$rtentry$$00000004)
    __rt_entry_li                            0x0800016f   Thumb Code     0  __rtentry2.o(.ARM.Collect$$rtentry$$0000000A)
    __rt_entry_postsh_1                      0x0800016f   Thumb Code     0  __rtentry2.o(.ARM.Collect$$rtentry$$00000009)
    __rt_entry_main                          0x08000173   Thumb Code     0  __rtentry2.o(.ARM.Collect$$rtentry$$0000000D)
    __rt_entry_postli_1                      0x08000173   Thumb Code     0  __rtentry2.o(.ARM.Collect$$rtentry$$0000000C)
    __rt_exit                                0x0800017b   Thumb Code     0  rtexit.o(.ARM.Collect$$rtexit$$00000000)
    __rt_exit_ls                             0x0800017d   Thumb Code     0  rtexit2.o(.ARM.Collect$$rtexit$$00000003)
    __rt_exit_prels_1                        0x0800017d   Thumb Code     0  rtexit2.o(.ARM.Collect$$rtexit$$00000002)
    __rt_exit_exit                           0x08000181   Thumb Code     0  rtexit2.o(.ARM.Collect$$rtexit$$00000004)
    Reset_Handler                            0x08000189   Thumb Code     8  startup_stm32f103xb.o(.text)
    ADC1_2_IRQHandler                        0x080001a3   Thumb Code     0  startup_stm32f103xb.o(.text)
    CAN1_SCE_IRQHandler                      0x080001a3   Thumb Code     0  startup_stm32f103xb.o(.text)
    DMA1_Channel1_IRQHandler                 0x080001a3   Thumb Code     0  startup_stm32f103xb.o(.text)
    DMA1_Channel2_IRQHandler                 0x080001a3   Thumb Code     0  startup_stm32f103xb.o(.text)
    DMA1_Channel3_IRQHandler                 0x080001a3   Thumb Code     0  startup_stm32f103xb.o(.text)
    DMA1_Channel4_IRQHandler                 0x080001a3   Thumb Code     0  startup_stm32f103xb.o(.text)
    DMA1_Channel5_IRQHandler                 0x080001a3   Thumb Code     0  startup_stm32f103xb.o(.text)
    DMA1_Channel6_IRQHandler                 0x080001a3   Thumb Code     0  startup_stm32f103xb.o(.text)
    DMA1_Channel7_IRQHandler                 0x080001a3   Thumb Code     0  startup_stm32f103xb.o(.text)
    EXTI0_IRQHandler                         0x080001a3   Thumb Code     0  startup_stm32f103xb.o(.text)
    EXTI15_10_IRQHandler                     0x080001a3   Thumb Code     0  startup_stm32f103xb.o(.text)
    EXTI1_IRQHandler                         0x080001a3   Thumb Code     0  startup_stm32f103xb.o(.text)
    EXTI2_IRQHandler                         0x080001a3   Thumb Code     0  startup_stm32f103xb.o(.text)
    EXTI9_5_IRQHandler                       0x080001a3   Thumb Code     0  startup_stm32f103xb.o(.text)
    FLASH_IRQHandler                         0x080001a3   Thumb Code     0  startup_stm32f103xb.o(.text)
    I2C1_ER_IRQHandler                       0x080001a3   Thumb Code     0  startup_stm32f103xb.o(.text)
    I2C1_EV_IRQHandler                       0x080001a3   Thumb Code     0  startup_stm32f103xb.o(.text)
    I2C2_ER_IRQHandler                       0x080001a3   Thumb Code     0  startup_stm32f103xb.o(.text)
    I2C2_EV_IRQHandler                       0x080001a3   Thumb Code     0  startup_stm32f103xb.o(.text)
    PVD_IRQHandler                           0x080001a3   Thumb Code     0  startup_stm32f103xb.o(.text)
    RCC_IRQHandler                           0x080001a3   Thumb Code     0  startup_stm32f103xb.o(.text)
    RTC_Alarm_IRQHandler                     0x080001a3   Thumb Code     0  startup_stm32f103xb.o(.text)
    RTC_IRQHandler                           0x080001a3   Thumb Code     0  startup_stm32f103xb.o(.text)
    SPI1_IRQHandler                          0x080001a3   Thumb Code     0  startup_stm32f103xb.o(.text)
    SPI2_IRQHandler                          0x080001a3   Thumb Code     0  startup_stm32f103xb.o(.text)
    TAMPER_IRQHandler                        0x080001a3   Thumb Code     0  startup_stm32f103xb.o(.text)
    TIM1_BRK_IRQHandler                      0x080001a3   Thumb Code     0  startup_stm32f103xb.o(.text)
    TIM1_CC_IRQHandler                       0x080001a3   Thumb Code     0  startup_stm32f103xb.o(.text)
    TIM1_TRG_COM_IRQHandler                  0x080001a3   Thumb Code     0  startup_stm32f103xb.o(.text)
    TIM1_UP_IRQHandler                       0x080001a3   Thumb Code     0  startup_stm32f103xb.o(.text)
    TIM2_IRQHandler                          0x080001a3   Thumb Code     0  startup_stm32f103xb.o(.text)
    TIM3_IRQHandler                          0x080001a3   Thumb Code     0  startup_stm32f103xb.o(.text)
    TIM4_IRQHandler                          0x080001a3   Thumb Code     0  startup_stm32f103xb.o(.text)
    USART2_IRQHandler                        0x080001a3   Thumb Code     0  startup_stm32f103xb.o(.text)
    USART3_IRQHandler                        0x080001a3   Thumb Code     0  startup_stm32f103xb.o(.text)
    USBWakeUp_IRQHandler                     0x080001a3   Thumb Code     0  startup_stm32f103xb.o(.text)
    USB_HP_CAN1_TX_IRQHandler                0x080001a3   Thumb Code     0  startup_stm32f103xb.o(.text)
    WWDG_IRQHandler                          0x080001a3   Thumb Code     0  startup_stm32f103xb.o(.text)
    __user_initial_stackheap                 0x080001a5   Thumb Code     0  startup_stm32f103xb.o(.text)
    __aeabi_memclr4                          0x080001c9   Thumb Code     0  rt_memclr_w.o(.text)
    __aeabi_memclr8                          0x080001c9   Thumb Code     0  rt_memclr_w.o(.text)
    __rt_memclr_w                            0x080001c9   Thumb Code    78  rt_memclr_w.o(.text)
    _memset_w                                0x080001cd   Thumb Code     0  rt_memclr_w.o(.text)
    __use_two_region_memory                  0x08000217   Thumb Code     2  heapauxi.o(.text)
    __rt_heap_escrow$2region                 0x08000219   Thumb Code     2  heapauxi.o(.text)
    __rt_heap_expand$2region                 0x0800021b   Thumb Code     2  heapauxi.o(.text)
    __user_setup_stackheap                   0x0800021d   Thumb Code    74  sys_stackheap_outer.o(.text)
    exit                                     0x08000267   Thumb Code    18  exit.o(.text)
    __user_libspace                          0x08000279   Thumb Code     8  libspace.o(.text)
    __user_perproc_libspace                  0x08000279   Thumb Code     0  libspace.o(.text)
    __user_perthread_libspace                0x08000279   Thumb Code     0  libspace.o(.text)
    _sys_exit                                0x08000281   Thumb Code     8  sys_exit.o(.text)
    __I$use$semihosting                      0x0800028d   Thumb Code     0  use_no_semi.o(.text)
    __use_no_semihosting_swi                 0x0800028d   Thumb Code     2  use_no_semi.o(.text)
    BusFault_Handler                         0x0800028f   Thumb Code     4  stm32f1xx_it.o(i.BusFault_Handler)
    __semihosting_library_function           0x0800028f   Thumb Code     0  indicate_semi.o(.text)
    CAN1_RX1_IRQHandler                      0x08000295   Thumb Code    10  stm32f1xx_it.o(i.CAN1_RX1_IRQHandler)
    CAN_Encoder_Feedback                     0x080002a5   Thumb Code    66  canbus.o(i.CAN_Encoder_Feedback)
    CAN_Encoder_Transmit                     0x080002f1   Thumb Code   170  canbus.o(i.CAN_Encoder_Transmit)
    CAN_Encoder_TxDelay                      0x080003ad   Thumb Code    20  canbus.o(i.CAN_Encoder_TxDelay)
    CAN_Encoder_TxStart_Init                 0x080003c5   Thumb Code    66  canbus.o(i.CAN_Encoder_TxStart_Init)
    CAN_IMU_Feedback                         0x0800040d   Thumb Code    66  canbus.o(i.CAN_IMU_Feedback)
    CAN_IMU_Transmit                         0x08000459   Thumb Code   142  canbus.o(i.CAN_IMU_Transmit)
    CAN_IMU_TxDelay                          0x080004f5   Thumb Code    20  canbus.o(i.CAN_IMU_TxDelay)
    CAN_IMU_TxStart_Init                     0x0800050d   Thumb Code    66  canbus.o(i.CAN_IMU_TxStart_Init)
    CAN_Single_FilterMaskIDHigh_Config       0x08000555   Thumb Code    60  canbus.o(i.CAN_Single_FilterMaskIDHigh_Config)
    CAN_TxHeader_Init                        0x08000591   Thumb Code    16  canbus.o(i.CAN_TxHeader_Init)
    DebugMon_Handler                         0x080005a1   Thumb Code     2  stm32f1xx_it.o(i.DebugMon_Handler)
    EXTI3_IRQHandler                         0x080005a3   Thumb Code    10  stm32f1xx_it.o(i.EXTI3_IRQHandler)
    EXTI4_IRQHandler                         0x080005ad   Thumb Code    10  stm32f1xx_it.o(i.EXTI4_IRQHandler)
    Encoder_Offset_Detect                    0x080005b9   Thumb Code    32  encoderposition.o(i.Encoder_Offset_Detect)
    Encoder_Position                         0x080005dd   Thumb Code   104  encoderposition.o(i.Encoder_Position)
    Encoder_Pulse_Calibration                0x0800064d   Thumb Code    34  encoderposition.o(i.Encoder_Pulse_Calibration)
    Encoder_Pulse_Counter                    0x0800066f   Thumb Code   110  encoderposition.o(i.Encoder_Pulse_Counter)
    Encoder_Reset                            0x080006dd   Thumb Code    50  encoderposition.o(i.Encoder_Reset)
    Encoder_Round_Counter                    0x08000711   Thumb Code    70  encoderposition.o(i.Encoder_Round_Counter)
    Encoder_Update_Data                      0x0800075d   Thumb Code    20  encoderposition.o(i.Encoder_Update_Data)
    Error_Handler                            0x08000771   Thumb Code     6  main.o(i.Error_Handler)
    HAL_CAN_ActivateNotification             0x08000777   Thumb Code    42  stm32f1xx_hal_can.o(i.HAL_CAN_ActivateNotification)
    HAL_CAN_AddTxMessage                     0x080007a1   Thumb Code   330  stm32f1xx_hal_can.o(i.HAL_CAN_AddTxMessage)
    HAL_CAN_ConfigFilter                     0x080008eb   Thumb Code   266  stm32f1xx_hal_can.o(i.HAL_CAN_ConfigFilter)
    HAL_CAN_ErrorCallback                    0x080009f5   Thumb Code     2  stm32f1xx_hal_can.o(i.HAL_CAN_ErrorCallback)
    HAL_CAN_GetRxMessage                     0x080009f7   Thumb Code   404  stm32f1xx_hal_can.o(i.HAL_CAN_GetRxMessage)
    HAL_CAN_IRQHandler                       0x08000b8b   Thumb Code   590  stm32f1xx_hal_can.o(i.HAL_CAN_IRQHandler)
    HAL_CAN_Init                             0x08000dd9   Thumb Code   372  stm32f1xx_hal_can.o(i.HAL_CAN_Init)
    HAL_CAN_MspInit                          0x08000f4d   Thumb Code   154  stm32f1xx_hal_msp.o(i.HAL_CAN_MspInit)
    HAL_CAN_RxFifo0FullCallback              0x08000ff5   Thumb Code     2  stm32f1xx_hal_can.o(i.HAL_CAN_RxFifo0FullCallback)
    HAL_CAN_RxFifo0MsgPendingCallback        0x08000ff9   Thumb Code    64  main.o(i.HAL_CAN_RxFifo0MsgPendingCallback)
    HAL_CAN_RxFifo1FullCallback              0x0800104d   Thumb Code     2  stm32f1xx_hal_can.o(i.HAL_CAN_RxFifo1FullCallback)
    HAL_CAN_RxFifo1MsgPendingCallback        0x08001051   Thumb Code    58  main.o(i.HAL_CAN_RxFifo1MsgPendingCallback)
    HAL_CAN_SleepCallback                    0x080010a1   Thumb Code     2  stm32f1xx_hal_can.o(i.HAL_CAN_SleepCallback)
    HAL_CAN_Start                            0x080010a3   Thumb Code    94  stm32f1xx_hal_can.o(i.HAL_CAN_Start)
    HAL_CAN_TxMailbox0AbortCallback          0x08001101   Thumb Code     2  stm32f1xx_hal_can.o(i.HAL_CAN_TxMailbox0AbortCallback)
    HAL_CAN_TxMailbox0CompleteCallback       0x08001103   Thumb Code     2  stm32f1xx_hal_can.o(i.HAL_CAN_TxMailbox0CompleteCallback)
    HAL_CAN_TxMailbox1AbortCallback          0x08001105   Thumb Code     2  stm32f1xx_hal_can.o(i.HAL_CAN_TxMailbox1AbortCallback)
    HAL_CAN_TxMailbox1CompleteCallback       0x08001107   Thumb Code     2  stm32f1xx_hal_can.o(i.HAL_CAN_TxMailbox1CompleteCallback)
    HAL_CAN_TxMailbox2AbortCallback          0x08001109   Thumb Code     2  stm32f1xx_hal_can.o(i.HAL_CAN_TxMailbox2AbortCallback)
    HAL_CAN_TxMailbox2CompleteCallback       0x0800110b   Thumb Code     2  stm32f1xx_hal_can.o(i.HAL_CAN_TxMailbox2CompleteCallback)
    HAL_CAN_WakeUpFromRxMsgCallback          0x0800110d   Thumb Code     2  stm32f1xx_hal_can.o(i.HAL_CAN_WakeUpFromRxMsgCallback)
    HAL_DMA_Abort                            0x0800110f   Thumb Code    86  stm32f1xx_hal_dma.o(i.HAL_DMA_Abort)
    HAL_DMA_Abort_IT                         0x08001165   Thumb Code   172  stm32f1xx_hal_dma.o(i.HAL_DMA_Abort_IT)
    HAL_GPIO_EXTI_Callback                   0x08001215   Thumb Code    52  main.o(i.HAL_GPIO_EXTI_Callback)
    HAL_GPIO_EXTI_IRQHandler                 0x0800125d   Thumb Code    24  stm32f1xx_hal_gpio.o(i.HAL_GPIO_EXTI_IRQHandler)
    HAL_GPIO_Init                            0x08001279   Thumb Code   766  stm32f1xx_hal_gpio.o(i.HAL_GPIO_Init)
    HAL_GetTick                              0x08001599   Thumb Code     6  stm32f1xx_hal.o(i.HAL_GetTick)
    HAL_IncTick                              0x080015a5   Thumb Code    16  stm32f1xx_hal.o(i.HAL_IncTick)
    HAL_Init                                 0x080015bd   Thumb Code    34  stm32f1xx_hal.o(i.HAL_Init)
    HAL_InitTick                             0x080015e5   Thumb Code    64  stm32f1xx_hal.o(i.HAL_InitTick)
    HAL_MspInit                              0x08001631   Thumb Code    76  stm32f1xx_hal_msp.o(i.HAL_MspInit)
    HAL_NVIC_EnableIRQ                       0x08001685   Thumb Code    32  stm32f1xx_hal_cortex.o(i.HAL_NVIC_EnableIRQ)
    HAL_NVIC_SetPriority                     0x080016a5   Thumb Code   124  stm32f1xx_hal_cortex.o(i.HAL_NVIC_SetPriority)
    HAL_NVIC_SetPriorityGrouping             0x08001721   Thumb Code    32  stm32f1xx_hal_cortex.o(i.HAL_NVIC_SetPriorityGrouping)
    HAL_RCC_ClockConfig                      0x08001749   Thumb Code   376  stm32f1xx_hal_rcc.o(i.HAL_RCC_ClockConfig)
    HAL_RCC_GetHCLKFreq                      0x080018d5   Thumb Code     6  stm32f1xx_hal_rcc.o(i.HAL_RCC_GetHCLKFreq)
    HAL_RCC_GetPCLK1Freq                     0x080018e1   Thumb Code    22  stm32f1xx_hal_rcc.o(i.HAL_RCC_GetPCLK1Freq)
    HAL_RCC_GetPCLK2Freq                     0x08001901   Thumb Code    22  stm32f1xx_hal_rcc.o(i.HAL_RCC_GetPCLK2Freq)
    HAL_RCC_GetSysClockFreq                  0x08001921   Thumb Code    92  stm32f1xx_hal_rcc.o(i.HAL_RCC_GetSysClockFreq)
    HAL_RCC_OscConfig                        0x08001991   Thumb Code  1114  stm32f1xx_hal_rcc.o(i.HAL_RCC_OscConfig)
    HAL_SYSTICK_Config                       0x08001df5   Thumb Code    52  stm32f1xx_hal_cortex.o(i.HAL_SYSTICK_Config)
    HAL_TIMEx_MasterConfigSynchronization    0x08001e29   Thumb Code   118  stm32f1xx_hal_tim_ex.o(i.HAL_TIMEx_MasterConfigSynchronization)
    HAL_TIM_Encoder_Init                     0x08001ead   Thumb Code   196  stm32f1xx_hal_tim.o(i.HAL_TIM_Encoder_Init)
    HAL_TIM_Encoder_MspInit                  0x08001f71   Thumb Code   186  stm32f1xx_hal_msp.o(i.HAL_TIM_Encoder_MspInit)
    HAL_TIM_Encoder_Start                    0x08002039   Thumb Code   204  stm32f1xx_hal_tim.o(i.HAL_TIM_Encoder_Start)
    HAL_UARTEx_RxEventCallback               0x08002105   Thumb Code     2  stm32f1xx_hal_uart.o(i.HAL_UARTEx_RxEventCallback)
    HAL_UART_ErrorCallback                   0x08002107   Thumb Code     2  stm32f1xx_hal_uart.o(i.HAL_UART_ErrorCallback)
    HAL_UART_IRQHandler                      0x08002109   Thumb Code   736  stm32f1xx_hal_uart.o(i.HAL_UART_IRQHandler)
    HAL_UART_Init                            0x080023ed   Thumb Code   118  stm32f1xx_hal_uart.o(i.HAL_UART_Init)
    HAL_UART_MspInit                         0x08002465   Thumb Code   138  stm32f1xx_hal_msp.o(i.HAL_UART_MspInit)
    HAL_UART_Receive_IT                      0x080024fd   Thumb Code    44  stm32f1xx_hal_uart.o(i.HAL_UART_Receive_IT)
    HAL_UART_RxCpltCallback                  0x08002529   Thumb Code    34  main.o(i.HAL_UART_RxCpltCallback)
    HAL_UART_Transmit                        0x08002555   Thumb Code   190  stm32f1xx_hal_uart.o(i.HAL_UART_Transmit)
    HAL_UART_TxCpltCallback                  0x08002613   Thumb Code     2  stm32f1xx_hal_uart.o(i.HAL_UART_TxCpltCallback)
    HardFault_Handler                        0x08002615   Thumb Code     4  stm32f1xx_it.o(i.HardFault_Handler)
    MemManage_Handler                        0x08002811   Thumb Code     4  stm32f1xx_it.o(i.MemManage_Handler)
    NMI_Handler                              0x08002815   Thumb Code     4  stm32f1xx_it.o(i.NMI_Handler)
    PendSV_Handler                           0x08002819   Thumb Code     2  stm32f1xx_it.o(i.PendSV_Handler)
    SVC_Handler                              0x08002845   Thumb Code     2  stm32f1xx_it.o(i.SVC_Handler)
    SysTick_Handler                          0x08002847   Thumb Code     8  stm32f1xx_it.o(i.SysTick_Handler)
    SystemClock_Config                       0x0800284f   Thumb Code   102  main.o(i.SystemClock_Config)
    SystemInit                               0x080028b5   Thumb Code     2  system_stm32f1xx.o(i.SystemInit)
    TIM_Base_SetConfig                       0x080028b9   Thumb Code   120  stm32f1xx_hal_tim.o(i.TIM_Base_SetConfig)
    TIM_CCxChannelCmd                        0x0800293d   Thumb Code    34  stm32f1xx_hal_tim.o(i.TIM_CCxChannelCmd)
    UART_Start_Receive_IT                    0x08002bf9   Thumb Code    64  stm32f1xx_hal_uart.o(i.UART_Start_Receive_IT)
    USART1_IRQHandler                        0x08002d25   Thumb Code    10  stm32f1xx_it.o(i.USART1_IRQHandler)
    USB_LP_CAN1_RX0_IRQHandler               0x08002d35   Thumb Code    10  stm32f1xx_it.o(i.USB_LP_CAN1_RX0_IRQHandler)
    UsageFault_Handler                       0x08002d45   Thumb Code     4  stm32f1xx_it.o(i.UsageFault_Handler)
    WIT_Data_In                              0x08002d49   Thumb Code    56  wit.o(i.WIT_Data_In)
    WIT_Data_Process                         0x08002d91   Thumb Code   312  wit.o(i.WIT_Data_Process)
    WIT_Reset_Flag                           0x08002ee5   Thumb Code     8  wit.o(i.WIT_Reset_Flag)
    WIT_Reset_Zero                           0x08002ef1   Thumb Code   142  wit.o(i.WIT_Reset_Zero)
    main                                     0x08002fcd   Thumb Code   328  main.o(i.main)
    __aeabi_d2f                              0x08003165   Thumb Code     0  d2f.o(x$fpl$d2f)
    _d2f                                     0x08003165   Thumb Code    98  d2f.o(x$fpl$d2f)
    __aeabi_ddiv                             0x080031c9   Thumb Code     0  ddiv.o(x$fpl$ddiv)
    _ddiv                                    0x080031c9   Thumb Code   552  ddiv.o(x$fpl$ddiv)
    __aeabi_i2d                              0x08003479   Thumb Code     0  dflt_clz.o(x$fpl$dflt)
    _dflt                                    0x08003479   Thumb Code    46  dflt_clz.o(x$fpl$dflt)
    __aeabi_ui2d                             0x080034a7   Thumb Code     0  dflt_clz.o(x$fpl$dfltu)
    _dfltu                                   0x080034a7   Thumb Code    38  dflt_clz.o(x$fpl$dfltu)
    __aeabi_dmul                             0x080034cd   Thumb Code     0  dmul.o(x$fpl$dmul)
    _dmul                                    0x080034cd   Thumb Code   332  dmul.o(x$fpl$dmul)
    __fpl_dnaninf                            0x08003621   Thumb Code   156  dnaninf.o(x$fpl$dnaninf)
    __fpl_dretinf                            0x080036bd   Thumb Code    12  dretinf.o(x$fpl$dretinf)
    __aeabi_f2d                              0x080036c9   Thumb Code     0  f2d.o(x$fpl$f2d)
    _f2d                                     0x080036c9   Thumb Code    86  f2d.o(x$fpl$f2d)
    __aeabi_f2iz                             0x08003721   Thumb Code     0  ffix.o(x$fpl$ffix)
    _ffix                                    0x08003721   Thumb Code    54  ffix.o(x$fpl$ffix)
    __aeabi_i2f                              0x08003759   Thumb Code     0  fflt_clz.o(x$fpl$fflt)
    _fflt                                    0x08003759   Thumb Code    48  fflt_clz.o(x$fpl$fflt)
    __fpl_fnaninf                            0x08003789   Thumb Code   140  fnaninf.o(x$fpl$fnaninf)
    __fpl_fretinf                            0x08003815   Thumb Code    10  fretinf.o(x$fpl$fretinf)
    __I$use$fp                               0x0800381e   Number         0  usenofp.o(x$fpl$usenofp)
    AHBPrescTable                            0x08003830   Data          16  system_stm32f1xx.o(.constdata)
    APBPrescTable                            0x08003840   Data           8  system_stm32f1xx.o(.constdata)
    Region$$Table$$Base                      0x08003848   Number         0  anon$$obj.o(Region$$Table)
    Region$$Table$$Limit                     0x08003868   Number         0  anon$$obj.o(Region$$Table)
    x_position                               0x20000000   Data           4  main.o(.data)
    y_position                               0x20000004   Data           4  main.o(.data)
    encoderx_flag                            0x20000008   Data           1  main.o(.data)
    encodery_flag                            0x20000009   Data           1  main.o(.data)
    encoder_start_flag                       0x2000000a   Data           1  main.o(.data)
    WIT_rx                                   0x2000000b   Data           1  main.o(.data)
    IMU_start_flag                           0x2000000c   Data           1  main.o(.data)
    IMU_data                                 0x2000000d   Data           6  main.o(.data)
    Encoder_RxData                           0x20000013   Data           8  main.o(.data)
    IMU_RxData                               0x2000001b   Data           8  main.o(.data)
    uwTick                                   0x20000024   Data           4  stm32f1xx_hal.o(.data)
    uwTickPrio                               0x20000028   Data           4  stm32f1xx_hal.o(.data)
    uwTickFreq                               0x2000002c   Data           1  stm32f1xx_hal.o(.data)
    SystemCoreClock                          0x20000030   Data           4  system_stm32f1xx.o(.data)
    checksum                                 0x2000004b   Data           1  wit.o(.data)
    hcan                                     0x20000064   Data          40  main.o(.bss)
    htim2                                    0x2000008c   Data          72  main.o(.bss)
    htim3                                    0x200000d4   Data          72  main.o(.bss)
    huart1                                   0x2000011c   Data          72  main.o(.bss)
    encoderx                                 0x20000164   Data          20  main.o(.bss)
    encodery                                 0x20000178   Data          20  main.o(.bss)
    angle                                    0x2000018c   Data          12  main.o(.bss)
    canfilterfifo0                           0x20000198   Data          40  main.o(.bss)
    canfilterfifo1                           0x200001c0   Data          40  main.o(.bss)
    Encoder_TxHeader                         0x200001e8   Data          24  main.o(.bss)
    IMU_TxHeader                             0x20000200   Data          24  main.o(.bss)
    Encoder_RxHeader                         0x20000218   Data          28  main.o(.bss)
    IMU_RxHeader                             0x20000234   Data          28  main.o(.bss)
    __libspace_start                         0x20000268   Data          96  libspace.o(.bss)
    __temporary_stack_top$libspace           0x200002c8   Data           0  libspace.o(.bss)



==============================================================================

Memory Map of the image

  Image Entry point : 0x080000ed

  Load Region LR_IROM1 (Base: 0x08000000, Size: 0x000038cc, Max: 0x00010000, ABSOLUTE)

    Execution Region ER_IROM1 (Exec base: 0x08000000, Load base: 0x08000000, Size: 0x00003868, Max: 0x00010000, ABSOLUTE)

    Exec Addr    Load Addr    Size         Type   Attr      Idx    E Section Name        Object

    0x08000000   0x08000000   0x000000ec   Data   RO            3    RESET               startup_stm32f103xb.o
    0x080000ec   0x080000ec   0x00000008   Code   RO         3287  * !!!main             c_w.l(__main.o)
    0x080000f4   0x080000f4   0x00000034   Code   RO         3479    !!!scatter          c_w.l(__scatter.o)
    0x08000128   0x08000128   0x0000001a   Code   RO         3481    !!handler_copy      c_w.l(__scatter_copy.o)
    0x08000142   0x08000142   0x00000002   PAD
    0x08000144   0x08000144   0x0000001c   Code   RO         3483    !!handler_zi        c_w.l(__scatter_zi.o)
    0x08000160   0x08000160   0x00000002   Code   RO         3349    .ARM.Collect$$libinit$$00000000  c_w.l(libinit.o)
    0x08000162   0x08000162   0x00000000   Code   RO         3356    .ARM.Collect$$libinit$$00000002  c_w.l(libinit2.o)
    0x08000162   0x08000162   0x00000000   Code   RO         3358    .ARM.Collect$$libinit$$00000004  c_w.l(libinit2.o)
    0x08000162   0x08000162   0x00000000   Code   RO         3361    .ARM.Collect$$libinit$$0000000A  c_w.l(libinit2.o)
    0x08000162   0x08000162   0x00000000   Code   RO         3363    .ARM.Collect$$libinit$$0000000C  c_w.l(libinit2.o)
    0x08000162   0x08000162   0x00000000   Code   RO         3365    .ARM.Collect$$libinit$$0000000E  c_w.l(libinit2.o)
    0x08000162   0x08000162   0x00000000   Code   RO         3368    .ARM.Collect$$libinit$$00000011  c_w.l(libinit2.o)
    0x08000162   0x08000162   0x00000000   Code   RO         3370    .ARM.Collect$$libinit$$00000013  c_w.l(libinit2.o)
    0x08000162   0x08000162   0x00000000   Code   RO         3372    .ARM.Collect$$libinit$$00000015  c_w.l(libinit2.o)
    0x08000162   0x08000162   0x00000000   Code   RO         3374    .ARM.Collect$$libinit$$00000017  c_w.l(libinit2.o)
    0x08000162   0x08000162   0x00000000   Code   RO         3376    .ARM.Collect$$libinit$$00000019  c_w.l(libinit2.o)
    0x08000162   0x08000162   0x00000000   Code   RO         3378    .ARM.Collect$$libinit$$0000001B  c_w.l(libinit2.o)
    0x08000162   0x08000162   0x00000000   Code   RO         3380    .ARM.Collect$$libinit$$0000001D  c_w.l(libinit2.o)
    0x08000162   0x08000162   0x00000000   Code   RO         3382    .ARM.Collect$$libinit$$0000001F  c_w.l(libinit2.o)
    0x08000162   0x08000162   0x00000000   Code   RO         3384    .ARM.Collect$$libinit$$00000021  c_w.l(libinit2.o)
    0x08000162   0x08000162   0x00000000   Code   RO         3386    .ARM.Collect$$libinit$$00000023  c_w.l(libinit2.o)
    0x08000162   0x08000162   0x00000000   Code   RO         3388    .ARM.Collect$$libinit$$00000025  c_w.l(libinit2.o)
    0x08000162   0x08000162   0x00000000   Code   RO         3392    .ARM.Collect$$libinit$$0000002C  c_w.l(libinit2.o)
    0x08000162   0x08000162   0x00000000   Code   RO         3394    .ARM.Collect$$libinit$$0000002E  c_w.l(libinit2.o)
    0x08000162   0x08000162   0x00000000   Code   RO         3396    .ARM.Collect$$libinit$$00000030  c_w.l(libinit2.o)
    0x08000162   0x08000162   0x00000000   Code   RO         3398    .ARM.Collect$$libinit$$00000032  c_w.l(libinit2.o)
    0x08000162   0x08000162   0x00000002   Code   RO         3399    .ARM.Collect$$libinit$$00000033  c_w.l(libinit2.o)
    0x08000164   0x08000164   0x00000002   Code   RO         3419    .ARM.Collect$$libshutdown$$00000000  c_w.l(libshutdown.o)
    0x08000166   0x08000166   0x00000000   Code   RO         3432    .ARM.Collect$$libshutdown$$00000002  c_w.l(libshutdown2.o)
    0x08000166   0x08000166   0x00000000   Code   RO         3434    .ARM.Collect$$libshutdown$$00000004  c_w.l(libshutdown2.o)
    0x08000166   0x08000166   0x00000000   Code   RO         3437    .ARM.Collect$$libshutdown$$00000007  c_w.l(libshutdown2.o)
    0x08000166   0x08000166   0x00000000   Code   RO         3440    .ARM.Collect$$libshutdown$$0000000A  c_w.l(libshutdown2.o)
    0x08000166   0x08000166   0x00000000   Code   RO         3442    .ARM.Collect$$libshutdown$$0000000C  c_w.l(libshutdown2.o)
    0x08000166   0x08000166   0x00000000   Code   RO         3445    .ARM.Collect$$libshutdown$$0000000F  c_w.l(libshutdown2.o)
    0x08000166   0x08000166   0x00000002   Code   RO         3446    .ARM.Collect$$libshutdown$$00000010  c_w.l(libshutdown2.o)
    0x08000168   0x08000168   0x00000000   Code   RO         3315    .ARM.Collect$$rtentry$$00000000  c_w.l(__rtentry.o)
    0x08000168   0x08000168   0x00000000   Code   RO         3326    .ARM.Collect$$rtentry$$00000002  c_w.l(__rtentry2.o)
    0x08000168   0x08000168   0x00000006   Code   RO         3338    .ARM.Collect$$rtentry$$00000004  c_w.l(__rtentry4.o)
    0x0800016e   0x0800016e   0x00000000   Code   RO         3328    .ARM.Collect$$rtentry$$00000009  c_w.l(__rtentry2.o)
    0x0800016e   0x0800016e   0x00000004   Code   RO         3329    .ARM.Collect$$rtentry$$0000000A  c_w.l(__rtentry2.o)
    0x08000172   0x08000172   0x00000000   Code   RO         3331    .ARM.Collect$$rtentry$$0000000C  c_w.l(__rtentry2.o)
    0x08000172   0x08000172   0x00000008   Code   RO         3332    .ARM.Collect$$rtentry$$0000000D  c_w.l(__rtentry2.o)
    0x0800017a   0x0800017a   0x00000002   Code   RO         3353    .ARM.Collect$$rtexit$$00000000  c_w.l(rtexit.o)
    0x0800017c   0x0800017c   0x00000000   Code   RO         3401    .ARM.Collect$$rtexit$$00000002  c_w.l(rtexit2.o)
    0x0800017c   0x0800017c   0x00000004   Code   RO         3402    .ARM.Collect$$rtexit$$00000003  c_w.l(rtexit2.o)
    0x08000180   0x08000180   0x00000006   Code   RO         3403    .ARM.Collect$$rtexit$$00000004  c_w.l(rtexit2.o)
    0x08000186   0x08000186   0x00000002   PAD
    0x08000188   0x08000188   0x00000040   Code   RO            4    .text               startup_stm32f103xb.o
    0x080001c8   0x080001c8   0x0000004e   Code   RO         3283    .text               c_w.l(rt_memclr_w.o)
    0x08000216   0x08000216   0x00000006   Code   RO         3285    .text               c_w.l(heapauxi.o)
    0x0800021c   0x0800021c   0x0000004a   Code   RO         3340    .text               c_w.l(sys_stackheap_outer.o)
    0x08000266   0x08000266   0x00000012   Code   RO         3342    .text               c_w.l(exit.o)
    0x08000278   0x08000278   0x00000008   Code   RO         3350    .text               c_w.l(libspace.o)
    0x08000280   0x08000280   0x0000000c   Code   RO         3411    .text               c_w.l(sys_exit.o)
    0x0800028c   0x0800028c   0x00000002   Code   RO         3422    .text               c_w.l(use_no_semi.o)
    0x0800028e   0x0800028e   0x00000000   Code   RO         3424    .text               c_w.l(indicate_semi.o)
    0x0800028e   0x0800028e   0x00000004   Code   RO          202    i.BusFault_Handler  stm32f1xx_it.o
    0x08000292   0x08000292   0x00000002   PAD
    0x08000294   0x08000294   0x00000010   Code   RO          203    i.CAN1_RX1_IRQHandler  stm32f1xx_it.o
    0x080002a4   0x080002a4   0x0000004c   Code   RO         3156    i.CAN_Encoder_Feedback  canbus.o
    0x080002f0   0x080002f0   0x000000bc   Code   RO         3159    i.CAN_Encoder_Transmit  canbus.o
    0x080003ac   0x080003ac   0x00000018   Code   RO         3160    i.CAN_Encoder_TxDelay  canbus.o
    0x080003c4   0x080003c4   0x00000048   Code   RO         3161    i.CAN_Encoder_TxStart_Init  canbus.o
    0x0800040c   0x0800040c   0x0000004c   Code   RO         3162    i.CAN_IMU_Feedback  canbus.o
    0x08000458   0x08000458   0x0000009c   Code   RO         3165    i.CAN_IMU_Transmit  canbus.o
    0x080004f4   0x080004f4   0x00000018   Code   RO         3166    i.CAN_IMU_TxDelay   canbus.o
    0x0800050c   0x0800050c   0x00000048   Code   RO         3167    i.CAN_IMU_TxStart_Init  canbus.o
    0x08000554   0x08000554   0x0000003c   Code   RO         3170    i.CAN_Single_FilterMaskIDHigh_Config  canbus.o
    0x08000590   0x08000590   0x00000010   Code   RO         3172    i.CAN_TxHeader_Init  canbus.o
    0x080005a0   0x080005a0   0x00000002   Code   RO          204    i.DebugMon_Handler  stm32f1xx_it.o
    0x080005a2   0x080005a2   0x0000000a   Code   RO          205    i.EXTI3_IRQHandler  stm32f1xx_it.o
    0x080005ac   0x080005ac   0x0000000a   Code   RO          206    i.EXTI4_IRQHandler  stm32f1xx_it.o
    0x080005b6   0x080005b6   0x00000002   PAD
    0x080005b8   0x080005b8   0x00000024   Code   RO         3040    i.Encoder_Offset_Detect  encoderposition.o
    0x080005dc   0x080005dc   0x00000070   Code   RO         3041    i.Encoder_Position  encoderposition.o
    0x0800064c   0x0800064c   0x00000022   Code   RO         3042    i.Encoder_Pulse_Calibration  encoderposition.o
    0x0800066e   0x0800066e   0x0000006e   Code   RO         3043    i.Encoder_Pulse_Counter  encoderposition.o
    0x080006dc   0x080006dc   0x00000032   Code   RO         3044    i.Encoder_Reset     encoderposition.o
    0x0800070e   0x0800070e   0x00000002   PAD
    0x08000710   0x08000710   0x0000004c   Code   RO         3045    i.Encoder_Round_Counter  encoderposition.o
    0x0800075c   0x0800075c   0x00000014   Code   RO         3046    i.Encoder_Update_Data  encoderposition.o
    0x08000770   0x08000770   0x00000006   Code   RO           13    i.Error_Handler     main.o
    0x08000776   0x08000776   0x0000002a   Code   RO          405    i.HAL_CAN_ActivateNotification  stm32f1xx_hal_can.o
    0x080007a0   0x080007a0   0x0000014a   Code   RO          406    i.HAL_CAN_AddTxMessage  stm32f1xx_hal_can.o
    0x080008ea   0x080008ea   0x0000010a   Code   RO          407    i.HAL_CAN_ConfigFilter  stm32f1xx_hal_can.o
    0x080009f4   0x080009f4   0x00000002   Code   RO          410    i.HAL_CAN_ErrorCallback  stm32f1xx_hal_can.o
    0x080009f6   0x080009f6   0x00000194   Code   RO          413    i.HAL_CAN_GetRxMessage  stm32f1xx_hal_can.o
    0x08000b8a   0x08000b8a   0x0000024e   Code   RO          417    i.HAL_CAN_IRQHandler  stm32f1xx_hal_can.o
    0x08000dd8   0x08000dd8   0x00000174   Code   RO          418    i.HAL_CAN_Init      stm32f1xx_hal_can.o
    0x08000f4c   0x08000f4c   0x000000a8   Code   RO          309    i.HAL_CAN_MspInit   stm32f1xx_hal_msp.o
    0x08000ff4   0x08000ff4   0x00000002   Code   RO          425    i.HAL_CAN_RxFifo0FullCallback  stm32f1xx_hal_can.o
    0x08000ff6   0x08000ff6   0x00000002   PAD
    0x08000ff8   0x08000ff8   0x00000054   Code   RO           14    i.HAL_CAN_RxFifo0MsgPendingCallback  main.o
    0x0800104c   0x0800104c   0x00000002   Code   RO          427    i.HAL_CAN_RxFifo1FullCallback  stm32f1xx_hal_can.o
    0x0800104e   0x0800104e   0x00000002   PAD
    0x08001050   0x08001050   0x00000050   Code   RO           15    i.HAL_CAN_RxFifo1MsgPendingCallback  main.o
    0x080010a0   0x080010a0   0x00000002   Code   RO          429    i.HAL_CAN_SleepCallback  stm32f1xx_hal_can.o
    0x080010a2   0x080010a2   0x0000005e   Code   RO          430    i.HAL_CAN_Start     stm32f1xx_hal_can.o
    0x08001100   0x08001100   0x00000002   Code   RO          432    i.HAL_CAN_TxMailbox0AbortCallback  stm32f1xx_hal_can.o
    0x08001102   0x08001102   0x00000002   Code   RO          433    i.HAL_CAN_TxMailbox0CompleteCallback  stm32f1xx_hal_can.o
    0x08001104   0x08001104   0x00000002   Code   RO          434    i.HAL_CAN_TxMailbox1AbortCallback  stm32f1xx_hal_can.o
    0x08001106   0x08001106   0x00000002   Code   RO          435    i.HAL_CAN_TxMailbox1CompleteCallback  stm32f1xx_hal_can.o
    0x08001108   0x08001108   0x00000002   Code   RO          436    i.HAL_CAN_TxMailbox2AbortCallback  stm32f1xx_hal_can.o
    0x0800110a   0x0800110a   0x00000002   Code   RO          437    i.HAL_CAN_TxMailbox2CompleteCallback  stm32f1xx_hal_can.o
    0x0800110c   0x0800110c   0x00000002   Code   RO          439    i.HAL_CAN_WakeUpFromRxMsgCallback  stm32f1xx_hal_can.o
    0x0800110e   0x0800110e   0x00000056   Code   RO         1024    i.HAL_DMA_Abort     stm32f1xx_hal_dma.o
    0x08001164   0x08001164   0x000000b0   Code   RO         1025    i.HAL_DMA_Abort_IT  stm32f1xx_hal_dma.o
    0x08001214   0x08001214   0x00000048   Code   RO           16    i.HAL_GPIO_EXTI_Callback  main.o
    0x0800125c   0x0800125c   0x0000001c   Code   RO          959    i.HAL_GPIO_EXTI_IRQHandler  stm32f1xx_hal_gpio.o
    0x08001278   0x08001278   0x00000320   Code   RO          960    i.HAL_GPIO_Init     stm32f1xx_hal_gpio.o
    0x08001598   0x08001598   0x0000000c   Code   RO          649    i.HAL_GetTick       stm32f1xx_hal.o
    0x080015a4   0x080015a4   0x00000018   Code   RO          655    i.HAL_IncTick       stm32f1xx_hal.o
    0x080015bc   0x080015bc   0x00000028   Code   RO          656    i.HAL_Init          stm32f1xx_hal.o
    0x080015e4   0x080015e4   0x0000004c   Code   RO          657    i.HAL_InitTick      stm32f1xx_hal.o
    0x08001630   0x08001630   0x00000054   Code   RO          310    i.HAL_MspInit       stm32f1xx_hal_msp.o
    0x08001684   0x08001684   0x00000020   Code   RO         1120    i.HAL_NVIC_EnableIRQ  stm32f1xx_hal_cortex.o
    0x080016a4   0x080016a4   0x0000007c   Code   RO         1126    i.HAL_NVIC_SetPriority  stm32f1xx_hal_cortex.o
    0x08001720   0x08001720   0x00000028   Code   RO         1127    i.HAL_NVIC_SetPriorityGrouping  stm32f1xx_hal_cortex.o
    0x08001748   0x08001748   0x0000018c   Code   RO          813    i.HAL_RCC_ClockConfig  stm32f1xx_hal_rcc.o
    0x080018d4   0x080018d4   0x0000000c   Code   RO          818    i.HAL_RCC_GetHCLKFreq  stm32f1xx_hal_rcc.o
    0x080018e0   0x080018e0   0x00000020   Code   RO          820    i.HAL_RCC_GetPCLK1Freq  stm32f1xx_hal_rcc.o
    0x08001900   0x08001900   0x00000020   Code   RO          821    i.HAL_RCC_GetPCLK2Freq  stm32f1xx_hal_rcc.o
    0x08001920   0x08001920   0x00000070   Code   RO          822    i.HAL_RCC_GetSysClockFreq  stm32f1xx_hal_rcc.o
    0x08001990   0x08001990   0x00000464   Code   RO          825    i.HAL_RCC_OscConfig  stm32f1xx_hal_rcc.o
    0x08001df4   0x08001df4   0x00000034   Code   RO         1131    i.HAL_SYSTICK_Config  stm32f1xx_hal_cortex.o
    0x08001e28   0x08001e28   0x00000084   Code   RO         2382    i.HAL_TIMEx_MasterConfigSynchronization  stm32f1xx_hal_tim_ex.o
    0x08001eac   0x08001eac   0x000000c4   Code   RO         1669    i.HAL_TIM_Encoder_Init  stm32f1xx_hal_tim.o
    0x08001f70   0x08001f70   0x000000c8   Code   RO          312    i.HAL_TIM_Encoder_MspInit  stm32f1xx_hal_msp.o
    0x08002038   0x08002038   0x000000cc   Code   RO         1672    i.HAL_TIM_Encoder_Start  stm32f1xx_hal_tim.o
    0x08002104   0x08002104   0x00000002   Code   RO         2642    i.HAL_UARTEx_RxEventCallback  stm32f1xx_hal_uart.o
    0x08002106   0x08002106   0x00000002   Code   RO         2656    i.HAL_UART_ErrorCallback  stm32f1xx_hal_uart.o
    0x08002108   0x08002108   0x000002e4   Code   RO         2659    i.HAL_UART_IRQHandler  stm32f1xx_hal_uart.o
    0x080023ec   0x080023ec   0x00000076   Code   RO         2660    i.HAL_UART_Init     stm32f1xx_hal_uart.o
    0x08002462   0x08002462   0x00000002   PAD
    0x08002464   0x08002464   0x00000098   Code   RO          314    i.HAL_UART_MspInit  stm32f1xx_hal_msp.o
    0x080024fc   0x080024fc   0x0000002c   Code   RO         2665    i.HAL_UART_Receive_IT  stm32f1xx_hal_uart.o
    0x08002528   0x08002528   0x0000002c   Code   RO           17    i.HAL_UART_RxCpltCallback  main.o
    0x08002554   0x08002554   0x000000be   Code   RO         2668    i.HAL_UART_Transmit  stm32f1xx_hal_uart.o
    0x08002612   0x08002612   0x00000002   Code   RO         2671    i.HAL_UART_TxCpltCallback  stm32f1xx_hal_uart.o
    0x08002614   0x08002614   0x00000004   Code   RO          207    i.HardFault_Handler  stm32f1xx_it.o
    0x08002618   0x08002618   0x00000044   Code   RO           18    i.MX_CAN_Init       main.o
    0x0800265c   0x0800265c   0x00000088   Code   RO           19    i.MX_GPIO_Init      main.o
    0x080026e4   0x080026e4   0x00000078   Code   RO           20    i.MX_TIM2_Init      main.o
    0x0800275c   0x0800275c   0x0000007c   Code   RO           21    i.MX_TIM3_Init      main.o
    0x080027d8   0x080027d8   0x00000038   Code   RO           22    i.MX_USART1_UART_Init  main.o
    0x08002810   0x08002810   0x00000004   Code   RO          208    i.MemManage_Handler  stm32f1xx_it.o
    0x08002814   0x08002814   0x00000004   Code   RO          209    i.NMI_Handler       stm32f1xx_it.o
    0x08002818   0x08002818   0x00000002   Code   RO          210    i.PendSV_Handler    stm32f1xx_it.o
    0x0800281a   0x0800281a   0x00000002   PAD
    0x0800281c   0x0800281c   0x00000028   Code   RO          826    i.RCC_Delay         stm32f1xx_hal_rcc.o
    0x08002844   0x08002844   0x00000002   Code   RO          211    i.SVC_Handler       stm32f1xx_it.o
    0x08002846   0x08002846   0x00000008   Code   RO          212    i.SysTick_Handler   stm32f1xx_it.o
    0x0800284e   0x0800284e   0x00000066   Code   RO           23    i.SystemClock_Config  main.o
    0x080028b4   0x080028b4   0x00000002   Code   RO         3004    i.SystemInit        system_stm32f1xx.o
    0x080028b6   0x080028b6   0x00000002   PAD
    0x080028b8   0x080028b8   0x00000084   Code   RO         1741    i.TIM_Base_SetConfig  stm32f1xx_hal_tim.o
    0x0800293c   0x0800293c   0x00000022   Code   RO         1742    i.TIM_CCxChannelCmd  stm32f1xx_hal_tim.o
    0x0800295e   0x0800295e   0x00000014   Code   RO         2673    i.UART_DMAAbortOnError  stm32f1xx_hal_uart.o
    0x08002972   0x08002972   0x0000006c   Code   RO         2683    i.UART_EndRxTransfer  stm32f1xx_hal_uart.o
    0x080029de   0x080029de   0x00000020   Code   RO         2684    i.UART_EndTransmit_IT  stm32f1xx_hal_uart.o
    0x080029fe   0x080029fe   0x000000fc   Code   RO         2686    i.UART_Receive_IT   stm32f1xx_hal_uart.o
    0x08002afa   0x08002afa   0x00000002   PAD
    0x08002afc   0x08002afc   0x000000fc   Code   RO         2687    i.UART_SetConfig    stm32f1xx_hal_uart.o
    0x08002bf8   0x08002bf8   0x00000040   Code   RO         2689    i.UART_Start_Receive_IT  stm32f1xx_hal_uart.o
    0x08002c38   0x08002c38   0x00000060   Code   RO         2690    i.UART_Transmit_IT  stm32f1xx_hal_uart.o
    0x08002c98   0x08002c98   0x0000008c   Code   RO         2691    i.UART_WaitOnFlagUntilTimeout  stm32f1xx_hal_uart.o
    0x08002d24   0x08002d24   0x00000010   Code   RO          213    i.USART1_IRQHandler  stm32f1xx_it.o
    0x08002d34   0x08002d34   0x00000010   Code   RO          214    i.USB_LP_CAN1_RX0_IRQHandler  stm32f1xx_it.o
    0x08002d44   0x08002d44   0x00000004   Code   RO          215    i.UsageFault_Handler  stm32f1xx_it.o
    0x08002d48   0x08002d48   0x00000048   Code   RO         3107    i.WIT_Data_In       wit.o
    0x08002d90   0x08002d90   0x00000154   Code   RO         3108    i.WIT_Data_Process  wit.o
    0x08002ee4   0x08002ee4   0x0000000c   Code   RO         3109    i.WIT_Reset_Flag    wit.o
    0x08002ef0   0x08002ef0   0x000000a4   Code   RO         3110    i.WIT_Reset_Zero    wit.o
    0x08002f94   0x08002f94   0x00000010   Code   RO         1133    i.__NVIC_GetPriorityGrouping  stm32f1xx_hal_cortex.o
    0x08002fa4   0x08002fa4   0x00000028   Code   RO         1134    i.__NVIC_SetPriority  stm32f1xx_hal_cortex.o
    0x08002fcc   0x08002fcc   0x00000198   Code   RO           24    i.main              main.o
    0x08003164   0x08003164   0x00000062   Code   RO         3289    x$fpl$d2f           fz_ws.l(d2f.o)
    0x080031c6   0x080031c6   0x00000002   PAD
    0x080031c8   0x080031c8   0x000002b0   Code   RO         3292    x$fpl$ddiv          fz_ws.l(ddiv.o)
    0x08003478   0x08003478   0x0000002e   Code   RO         3296    x$fpl$dflt          fz_ws.l(dflt_clz.o)
    0x080034a6   0x080034a6   0x00000026   Code   RO         3295    x$fpl$dfltu         fz_ws.l(dflt_clz.o)
    0x080034cc   0x080034cc   0x00000154   Code   RO         3301    x$fpl$dmul          fz_ws.l(dmul.o)
    0x08003620   0x08003620   0x0000009c   Code   RO         3316    x$fpl$dnaninf       fz_ws.l(dnaninf.o)
    0x080036bc   0x080036bc   0x0000000c   Code   RO         3318    x$fpl$dretinf       fz_ws.l(dretinf.o)
    0x080036c8   0x080036c8   0x00000056   Code   RO         3303    x$fpl$f2d           fz_ws.l(f2d.o)
    0x0800371e   0x0800371e   0x00000002   PAD
    0x08003720   0x08003720   0x00000036   Code   RO         3305    x$fpl$ffix          fz_ws.l(ffix.o)
    0x08003756   0x08003756   0x00000002   PAD
    0x08003758   0x08003758   0x00000030   Code   RO         3310    x$fpl$fflt          fz_ws.l(fflt_clz.o)
    0x08003788   0x08003788   0x0000008c   Code   RO         3320    x$fpl$fnaninf       fz_ws.l(fnaninf.o)
    0x08003814   0x08003814   0x0000000a   Code   RO         3322    x$fpl$fretinf       fz_ws.l(fretinf.o)
    0x0800381e   0x0800381e   0x00000000   Code   RO         3324    x$fpl$usenofp       fz_ws.l(usenofp.o)
    0x0800381e   0x0800381e   0x00000012   Data   RO          827    .constdata          stm32f1xx_hal_rcc.o
    0x08003830   0x08003830   0x00000018   Data   RO         3005    .constdata          system_stm32f1xx.o
    0x08003848   0x08003848   0x00000020   Data   RO         3477    Region$$Table       anon$$obj.o


    Execution Region RW_IRAM1 (Exec base: 0x20000000, Load base: 0x08003868, Size: 0x000008c8, Max: 0x00005000, ABSOLUTE)

    Exec Addr    Load Addr    Size         Type   Attr      Idx    E Section Name        Object

    0x20000000   0x08003868   0x00000023   Data   RW           26    .data               main.o
    0x20000023   0x0800388b   0x00000001   PAD
    0x20000024   0x0800388c   0x00000009   Data   RW          663    .data               stm32f1xx_hal.o
    0x2000002d   0x08003895   0x00000003   PAD
    0x20000030   0x08003898   0x00000004   Data   RW         3006    .data               system_stm32f1xx.o
    0x20000034   0x0800389c   0x00000002   Data   RW         3047    .data               encoderposition.o
    0x20000036   0x0800389e   0x00000002   PAD
    0x20000038   0x080038a0   0x00000018   Data   RW         3112    .data               wit.o
    0x20000050   0x080038b8   0x00000014   Data   RW         3174    .data               canbus.o
    0x20000064        -       0x000001ec   Zero   RW           25    .bss                main.o
    0x20000250        -       0x0000000b   Zero   RW         3111    .bss                wit.o
    0x2000025b   0x080038cc   0x00000001   PAD
    0x2000025c        -       0x0000000c   Zero   RW         3173    .bss                canbus.o
    0x20000268        -       0x00000060   Zero   RW         3351    .bss                c_w.l(libspace.o)
    0x200002c8        -       0x00000200   Zero   RW            2    HEAP                startup_stm32f103xb.o
    0x200004c8        -       0x00000400   Zero   RW            1    STACK               startup_stm32f103xb.o


==============================================================================

Image component sizes


      Code (inc. data)   RO Data    RW Data    ZI Data      Debug   Object Name

       764         72          0         20         12       7699   canbus.o
       438         18          0          2          0       4981   encoderposition.o
      1300        198          0         35        492     445309   main.o
        64         26        236          0       1536        800   startup_stm32f103xb.o
       152         32          0          9          0       5209   stm32f1xx_hal.o
      2120          0          0          0          0      13019   stm32f1xx_hal_can.o
       304         22          0          0          0      29355   stm32f1xx_hal_cortex.o
       262          4          0          0          0       1723   stm32f1xx_hal_dma.o
       828         38          0          0          0       2623   stm32f1xx_hal_gpio.o
       604         50          0          0          0       3081   stm32f1xx_hal_msp.o
      1748         98         18          0          0       5888   stm32f1xx_hal_rcc.o
       566         12          0          0          0       3812   stm32f1xx_hal_tim.o
       132         14          0          0          0       1312   stm32f1xx_hal_tim_ex.o
      2062          8          0          0          0      11820   stm32f1xx_hal_uart.o
       102         18          0          0          0       6127   stm32f1xx_it.o
         2          0         24          4          0       1091   system_stm32f1xx.o
       588         70          0         24         11       3058   wit.o

    ----------------------------------------------------------------------
     12054        680        310        100       2052     546907   Object Totals
         0          0         32          0          0          0   (incl. Generated)
        18          0          0          6          1          0   (incl. Padding)

    ----------------------------------------------------------------------

      Code (inc. data)   RO Data    RW Data    ZI Data      Debug   Library Member Name

         8          0          0          0          0         68   __main.o
         0          0          0          0          0          0   __rtentry.o
        12          0          0          0          0          0   __rtentry2.o
         6          0          0          0          0          0   __rtentry4.o
        52          8          0          0          0          0   __scatter.o
        26          0          0          0          0          0   __scatter_copy.o
        28          0          0          0          0          0   __scatter_zi.o
        18          0          0          0          0         80   exit.o
         6          0          0          0          0        152   heapauxi.o
         0          0          0          0          0          0   indicate_semi.o
         2          0          0          0          0          0   libinit.o
         2          0          0          0          0          0   libinit2.o
         2          0          0          0          0          0   libshutdown.o
         2          0          0          0          0          0   libshutdown2.o
         8          4          0          0         96         68   libspace.o
        78          0          0          0          0         80   rt_memclr_w.o
         2          0          0          0          0          0   rtexit.o
        10          0          0          0          0          0   rtexit2.o
        12          4          0          0          0         68   sys_exit.o
        74          0          0          0          0         80   sys_stackheap_outer.o
         2          0          0          0          0         68   use_no_semi.o
        98          4          0          0          0         92   d2f.o
       688        140          0          0          0        208   ddiv.o
        84          0          0          0          0        136   dflt_clz.o
       340         12          0          0          0        104   dmul.o
       156          4          0          0          0         92   dnaninf.o
        12          0          0          0          0         68   dretinf.o
        86          4          0          0          0         84   f2d.o
        54          4          0          0          0         84   ffix.o
        48          0          0          0          0         68   fflt_clz.o
       140          4          0          0          0         84   fnaninf.o
        10          0          0          0          0         68   fretinf.o
         0          0          0          0          0          0   usenofp.o

    ----------------------------------------------------------------------
      2076        188          0          0         96       1752   Library Totals
        10          0          0          0          0          0   (incl. Padding)

    ----------------------------------------------------------------------

      Code (inc. data)   RO Data    RW Data    ZI Data      Debug   Library Name

       350         16          0          0         96        664   c_w.l
      1716        172          0          0          0       1088   fz_ws.l

    ----------------------------------------------------------------------
      2076        188          0          0         96       1752   Library Totals

    ----------------------------------------------------------------------

==============================================================================


      Code (inc. data)   RO Data    RW Data    ZI Data      Debug   

     14130        868        310        100       2148     542363   Grand Totals
     14130        868        310        100       2148     542363   ELF Image Totals
     14130        868        310        100          0          0   ROM Totals

==============================================================================

    Total RO  Size (Code + RO Data)                14440 (  14.10kB)
    Total RW  Size (RW Data + ZI Data)              2248 (   2.20kB)
    Total ROM Size (Code + RO Data + RW Data)      14540 (  14.20kB)

==============================================================================

